Archive member included because of file (symbol)

c:/program files/eclipse/winavr/bin/../lib/gcc/avr/4.3.3/avr5\libgcc.a(_mulsi3.o)
                              ./ECUAL/LM35_DRIVER/LM35.o (__mulsi3)
c:/program files/eclipse/winavr/bin/../lib/gcc/avr/4.3.3/avr5\libgcc.a(_udivmodsi4.o)
                              ./MCAL/USART_DRIVER/USART.o (__udivmodsi4)
c:/program files/eclipse/winavr/bin/../lib/gcc/avr/4.3.3/avr5\libgcc.a(_exit.o)
                              c:/program files/eclipse/winavr/bin/../lib/gcc/avr/4.3.3/../../../../avr/lib/avr5/crtm32.o (exit)
c:/program files/eclipse/winavr/bin/../lib/gcc/avr/4.3.3/avr5\libgcc.a(_copy_data.o)
                              ./APP/mainApp_Functions.o (__do_copy_data)
c:/program files/eclipse/winavr/bin/../lib/gcc/avr/4.3.3/avr5\libgcc.a(_clear_bss.o)
                              ./MCAL/TIMER_DRIVER/TIMER.o (__do_clear_bss)
c:/program files/eclipse/winavr/bin/../lib/gcc/avr/4.3.3/avr5\libgcc.a(_fixunssfsi.o)
                              ./MCAL/TIMER_DRIVER/TIMER.o (__fixunssfsi)
c:/program files/eclipse/winavr/bin/../lib/gcc/avr/4.3.3/avr5\libgcc.a(_addsub_sf.o)
                              ./MCAL/TIMER_DRIVER/TIMER.o (__subsf3)
c:/program files/eclipse/winavr/bin/../lib/gcc/avr/4.3.3/avr5\libgcc.a(_mul_sf.o)
                              ./MCAL/TIMER_DRIVER/TIMER.o (__mulsf3)
c:/program files/eclipse/winavr/bin/../lib/gcc/avr/4.3.3/avr5\libgcc.a(_div_sf.o)
                              ./MCAL/TIMER_DRIVER/TIMER.o (__divsf3)
c:/program files/eclipse/winavr/bin/../lib/gcc/avr/4.3.3/avr5\libgcc.a(_gt_sf.o)
                              ./ECUAL/LCD_DRIVER/LCD.o (__gtsf2)
c:/program files/eclipse/winavr/bin/../lib/gcc/avr/4.3.3/avr5\libgcc.a(_ge_sf.o)
                              c:/program files/eclipse/winavr/bin/../lib/gcc/avr/4.3.3/avr5\libgcc.a(_fixunssfsi.o) (__gesf2)
c:/program files/eclipse/winavr/bin/../lib/gcc/avr/4.3.3/avr5\libgcc.a(_lt_sf.o)
                              ./MCAL/TIMER_DRIVER/TIMER.o (__ltsf2)
c:/program files/eclipse/winavr/bin/../lib/gcc/avr/4.3.3/avr5\libgcc.a(_si_to_sf.o)
                              ./MCAL/TIMER_DRIVER/TIMER.o (__floatsisf)
c:/program files/eclipse/winavr/bin/../lib/gcc/avr/4.3.3/avr5\libgcc.a(_sf_to_si.o)
                              c:/program files/eclipse/winavr/bin/../lib/gcc/avr/4.3.3/avr5\libgcc.a(_fixunssfsi.o) (__fixsfsi)
c:/program files/eclipse/winavr/bin/../lib/gcc/avr/4.3.3/avr5\libgcc.a(_thenan_sf.o)
                              c:/program files/eclipse/winavr/bin/../lib/gcc/avr/4.3.3/avr5\libgcc.a(_addsub_sf.o) (__thenan_sf)
c:/program files/eclipse/winavr/bin/../lib/gcc/avr/4.3.3/avr5\libgcc.a(_usi_to_sf.o)
                              ./ECUAL/LM35_DRIVER/LM35.o (__floatunsisf)
c:/program files/eclipse/winavr/bin/../lib/gcc/avr/4.3.3/avr5\libgcc.a(_prologue.o)
                              c:/program files/eclipse/winavr/bin/../lib/gcc/avr/4.3.3/avr5\libgcc.a(_addsub_sf.o) (__prologue_saves__)
c:/program files/eclipse/winavr/bin/../lib/gcc/avr/4.3.3/avr5\libgcc.a(_epilogue.o)
                              c:/program files/eclipse/winavr/bin/../lib/gcc/avr/4.3.3/avr5\libgcc.a(_addsub_sf.o) (__epilogue_restores__)
c:/program files/eclipse/winavr/bin/../lib/gcc/avr/4.3.3/avr5\libgcc.a(_clzsi2.o)
                              c:/program files/eclipse/winavr/bin/../lib/gcc/avr/4.3.3/avr5\libgcc.a(_si_to_sf.o) (__clzsi2)
c:/program files/eclipse/winavr/bin/../lib/gcc/avr/4.3.3/avr5\libgcc.a(_pack_sf.o)
                              c:/program files/eclipse/winavr/bin/../lib/gcc/avr/4.3.3/avr5\libgcc.a(_addsub_sf.o) (__pack_f)
c:/program files/eclipse/winavr/bin/../lib/gcc/avr/4.3.3/avr5\libgcc.a(_unpack_sf.o)
                              c:/program files/eclipse/winavr/bin/../lib/gcc/avr/4.3.3/avr5\libgcc.a(_addsub_sf.o) (__unpack_f)
c:/program files/eclipse/winavr/bin/../lib/gcc/avr/4.3.3/avr5\libgcc.a(_fpcmp_parts_sf.o)
                              c:/program files/eclipse/winavr/bin/../lib/gcc/avr/4.3.3/avr5\libgcc.a(_gt_sf.o) (__fpcmp_parts_f)
c:/program files/eclipse/winavr/bin/../lib/gcc/avr/4.3.3/avr5\libgcc.a(_clz.o)
                              c:/program files/eclipse/winavr/bin/../lib/gcc/avr/4.3.3/avr5\libgcc.a(_clzsi2.o) (__clz_tab)
c:/program files/eclipse/winavr/bin/../lib/gcc/avr/4.3.3/../../../../avr/lib/avr5\libc.a(malloc.o)
                              ./APP/mainApp_Functions.o (malloc)
c:/program files/eclipse/winavr/bin/../lib/gcc/avr/4.3.3/../../../../avr/lib/avr5\libc.a(itoa.o)
                              ./ECUAL/LCD_DRIVER/LCD.o (itoa)
c:/program files/eclipse/winavr/bin/../lib/gcc/avr/4.3.3/../../../../avr/lib/avr5\libc.a(ceil.o)
                              ./MCAL/TIMER_DRIVER/TIMER.o (ceil)
c:/program files/eclipse/winavr/bin/../lib/gcc/avr/4.3.3/../../../../avr/lib/avr5\libc.a(fp_mintl.o)
                              c:/program files/eclipse/winavr/bin/../lib/gcc/avr/4.3.3/../../../../avr/lib/avr5\libc.a(ceil.o) (__fp_mintl)
c:/program files/eclipse/winavr/bin/../lib/gcc/avr/4.3.3/../../../../avr/lib/avr5\libc.a(fp_mpack.o)
                              c:/program files/eclipse/winavr/bin/../lib/gcc/avr/4.3.3/../../../../avr/lib/avr5\libc.a(ceil.o) (__fp_mpack)
c:/program files/eclipse/winavr/bin/../lib/gcc/avr/4.3.3/../../../../avr/lib/avr5\libc.a(fp_trunc.o)
                              c:/program files/eclipse/winavr/bin/../lib/gcc/avr/4.3.3/../../../../avr/lib/avr5\libc.a(ceil.o) (__fp_trunc)
c:/program files/eclipse/winavr/bin/../lib/gcc/avr/4.3.3/../../../../avr/lib/avr5\libc.a(fp_zero.o)
                              c:/program files/eclipse/winavr/bin/../lib/gcc/avr/4.3.3/../../../../avr/lib/avr5\libc.a(ceil.o) (__fp_szero)
c:/program files/eclipse/winavr/bin/../lib/gcc/avr/4.3.3/../../../../avr/lib/avr5\libc.a(strrev.o)
                              c:/program files/eclipse/winavr/bin/../lib/gcc/avr/4.3.3/../../../../avr/lib/avr5\libc.a(itoa.o) (strrev)
c:/program files/eclipse/winavr/bin/../lib/gcc/avr/4.3.3/../../../../avr/lib/avr5\libc.a(fp_split3.o)
                              c:/program files/eclipse/winavr/bin/../lib/gcc/avr/4.3.3/../../../../avr/lib/avr5\libc.a(fp_trunc.o) (__fp_splitA)
c:/program files/eclipse/winavr/bin/../lib/gcc/avr/4.3.3/avr5\libgcc.a(_udivmodhi4.o)
                              c:/program files/eclipse/winavr/bin/../lib/gcc/avr/4.3.3/../../../../avr/lib/avr5\libc.a(itoa.o) (__udivmodhi4)

Allocating common symbols
Common symbol       size              file

__brkval            0x2               c:/program files/eclipse/winavr/bin/../lib/gcc/avr/4.3.3/../../../../avr/lib/avr5\libc.a(malloc.o)
__flp               0x2               c:/program files/eclipse/winavr/bin/../lib/gcc/avr/4.3.3/../../../../avr/lib/avr5\libc.a(malloc.o)

Memory Configuration

Name             Origin             Length             Attributes
text             0x00000000         0x00020000         xr
data             0x00800060         0x0000ffa0         rw !x
eeprom           0x00810000         0x00010000         rw !x
fuse             0x00820000         0x00000400         rw !x
lock             0x00830000         0x00000400         rw !x
signature        0x00840000         0x00000400         rw !x
*default*        0x00000000         0xffffffff

Linker script and memory map

LOAD c:/program files/eclipse/winavr/bin/../lib/gcc/avr/4.3.3/../../../../avr/lib/avr5/crtm32.o
LOAD ./MCAL/USART_DRIVER/USART.o
LOAD ./MCAL/TIMER_DRIVER/TIMER.o
LOAD ./MCAL/SPI_DRIVER/SPI.o
LOAD ./MCAL/ICU_DRIVER/ICU.o
LOAD ./MCAL/I2C_DRIVER/I2C.o
LOAD ./MCAL/GPIO_DRIVER/GPIO.o
LOAD ./MCAL/EXT_INTERRUPT_DRIVER/EXT_INTERRUPT.o
LOAD ./MCAL/ADC_DRIVER/ADC.o
LOAD ./ECUAL/SEVEN-SEGMENT_DRIVER/SEGMENT.o
LOAD ./ECUAL/MOTOR_DRIVER/MOTOR.o
LOAD ./ECUAL/LM35_DRIVER/LM35.o
LOAD ./ECUAL/LED_DRIVER/LED.o
LOAD ./ECUAL/LCD_DRIVER/LCD.o
LOAD ./ECUAL/KEYPAD_DRIVER/KEYPAD.o
LOAD ./ECUAL/EEPROM_DRIVER/EEPROM.o
LOAD ./ECUAL/BUZZER_DRIVER/BUZZER.o
LOAD ./ECUAL/BUTTON_DRIVER/BUTTON.o
LOAD ./APP/CTRL_main.o
LOAD ./APP/mainApp_Functions.o
LOAD c:/program files/eclipse/winavr/bin/../lib/gcc/avr/4.3.3/avr5\libgcc.a
LOAD c:/program files/eclipse/winavr/bin/../lib/gcc/avr/4.3.3/../../../../avr/lib/avr5\libc.a
LOAD c:/program files/eclipse/winavr/bin/../lib/gcc/avr/4.3.3/avr5\libgcc.a

.hash
 *(.hash)

.dynsym
 *(.dynsym)

.dynstr
 *(.dynstr)

.gnu.version
 *(.gnu.version)

.gnu.version_d
 *(.gnu.version_d)

.gnu.version_r
 *(.gnu.version_r)

.rel.init
 *(.rel.init)

.rela.init
 *(.rela.init)

.rel.text
 *(.rel.text)
 *(.rel.text.*)
 *(.rel.gnu.linkonce.t*)

.rela.text
 *(.rela.text)
 *(.rela.text.*)
 *(.rela.gnu.linkonce.t*)

.rel.fini
 *(.rel.fini)

.rela.fini
 *(.rela.fini)

.rel.rodata
 *(.rel.rodata)
 *(.rel.rodata.*)
 *(.rel.gnu.linkonce.r*)

.rela.rodata
 *(.rela.rodata)
 *(.rela.rodata.*)
 *(.rela.gnu.linkonce.r*)

.rel.data
 *(.rel.data)
 *(.rel.data.*)
 *(.rel.gnu.linkonce.d*)

.rela.data
 *(.rela.data)
 *(.rela.data.*)
 *(.rela.gnu.linkonce.d*)

.rel.ctors
 *(.rel.ctors)

.rela.ctors
 *(.rela.ctors)

.rel.dtors
 *(.rel.dtors)

.rela.dtors
 *(.rela.dtors)

.rel.got
 *(.rel.got)

.rela.got
 *(.rela.got)

.rel.bss
 *(.rel.bss)

.rela.bss
 *(.rela.bss)

.rel.plt
 *(.rel.plt)

.rela.plt
 *(.rela.plt)

.text           0x00000000     0x4642
 *(.vectors)
 .vectors       0x00000000       0x54 c:/program files/eclipse/winavr/bin/../lib/gcc/avr/4.3.3/../../../../avr/lib/avr5/crtm32.o
                0x00000000                __vectors
                0x00000000                __vector_default
 *(.vectors)
 *(.progmem.gcc*)
 *(.progmem*)
                0x00000054                . = ALIGN (0x2)
                0x00000054                __trampolines_start = .
 *(.trampolines)
 .trampolines   0x00000054        0x0 linker stubs
 *(.trampolines*)
                0x00000054                __trampolines_end = .
 *(.jumptables)
 *(.jumptables*)
 *(.lowtext)
 *(.lowtext*)
                0x00000054                __ctors_start = .
 *(.ctors)
                0x00000054                __ctors_end = .
                0x00000054                __dtors_start = .
 *(.dtors)
                0x00000054                __dtors_end = .
 SORT(*)(.ctors)
 SORT(*)(.dtors)
 *(.init0)
 .init0         0x00000054        0x0 c:/program files/eclipse/winavr/bin/../lib/gcc/avr/4.3.3/../../../../avr/lib/avr5/crtm32.o
                0x00000054                __init
 *(.init0)
 *(.init1)
 *(.init1)
 *(.init2)
 .init2         0x00000054        0xc c:/program files/eclipse/winavr/bin/../lib/gcc/avr/4.3.3/../../../../avr/lib/avr5/crtm32.o
 *(.init2)
 *(.init3)
 *(.init3)
 *(.init4)
 .init4         0x00000060       0x16 c:/program files/eclipse/winavr/bin/../lib/gcc/avr/4.3.3/avr5\libgcc.a(_copy_data.o)
                0x00000060                __do_copy_data
 .init4         0x00000076       0x10 c:/program files/eclipse/winavr/bin/../lib/gcc/avr/4.3.3/avr5\libgcc.a(_clear_bss.o)
                0x00000076                __do_clear_bss
 *(.init4)
 *(.init5)
 *(.init5)
 *(.init6)
 *(.init6)
 *(.init7)
 *(.init7)
 *(.init8)
 *(.init8)
 *(.init9)
 .init9         0x00000086        0x8 c:/program files/eclipse/winavr/bin/../lib/gcc/avr/4.3.3/../../../../avr/lib/avr5/crtm32.o
 *(.init9)
 *(.text)
 .text          0x0000008e        0x4 c:/program files/eclipse/winavr/bin/../lib/gcc/avr/4.3.3/../../../../avr/lib/avr5/crtm32.o
                0x0000008e                __vector_1
                0x0000008e                __vector_12
                0x0000008e                __bad_interrupt
                0x0000008e                __vector_6
                0x0000008e                __vector_3
                0x0000008e                __vector_11
                0x0000008e                __vector_13
                0x0000008e                __vector_17
                0x0000008e                __vector_19
                0x0000008e                __vector_7
                0x0000008e                __vector_5
                0x0000008e                __vector_4
                0x0000008e                __vector_9
                0x0000008e                __vector_2
                0x0000008e                __vector_15
                0x0000008e                __vector_8
                0x0000008e                __vector_14
                0x0000008e                __vector_10
                0x0000008e                __vector_16
                0x0000008e                __vector_18
                0x0000008e                __vector_20
 .text          0x00000092        0x0 ./MCAL/USART_DRIVER/USART.o
 .text          0x00000092        0x0 ./MCAL/TIMER_DRIVER/TIMER.o
 .text          0x00000092        0x0 ./MCAL/SPI_DRIVER/SPI.o
 .text          0x00000092        0x0 ./MCAL/ICU_DRIVER/ICU.o
 .text          0x00000092        0x0 ./MCAL/I2C_DRIVER/I2C.o
 .text          0x00000092        0x0 ./MCAL/GPIO_DRIVER/GPIO.o
 .text          0x00000092        0x0 ./MCAL/EXT_INTERRUPT_DRIVER/EXT_INTERRUPT.o
 .text          0x00000092        0x0 ./MCAL/ADC_DRIVER/ADC.o
 .text          0x00000092        0x0 ./ECUAL/SEVEN-SEGMENT_DRIVER/SEGMENT.o
 .text          0x00000092        0x0 ./ECUAL/MOTOR_DRIVER/MOTOR.o
 .text          0x00000092        0x0 ./ECUAL/LM35_DRIVER/LM35.o
 .text          0x00000092        0x0 ./ECUAL/LED_DRIVER/LED.o
 .text          0x00000092        0x0 ./ECUAL/LCD_DRIVER/LCD.o
 .text          0x00000092        0x0 ./ECUAL/KEYPAD_DRIVER/KEYPAD.o
 .text          0x00000092        0x0 ./ECUAL/EEPROM_DRIVER/EEPROM.o
 .text          0x00000092        0x0 ./ECUAL/BUZZER_DRIVER/BUZZER.o
 .text          0x00000092        0x0 ./ECUAL/BUTTON_DRIVER/BUTTON.o
 .text          0x00000092        0x0 ./APP/CTRL_main.o
 .text          0x00000092        0x0 ./APP/mainApp_Functions.o
 .text          0x00000092        0x0 c:/program files/eclipse/winavr/bin/../lib/gcc/avr/4.3.3/avr5\libgcc.a(_mulsi3.o)
 .text          0x00000092        0x0 c:/program files/eclipse/winavr/bin/../lib/gcc/avr/4.3.3/avr5\libgcc.a(_udivmodsi4.o)
 .text          0x00000092        0x0 c:/program files/eclipse/winavr/bin/../lib/gcc/avr/4.3.3/avr5\libgcc.a(_exit.o)
 .text          0x00000092        0x0 c:/program files/eclipse/winavr/bin/../lib/gcc/avr/4.3.3/avr5\libgcc.a(_copy_data.o)
 .text          0x00000092        0x0 c:/program files/eclipse/winavr/bin/../lib/gcc/avr/4.3.3/avr5\libgcc.a(_clear_bss.o)
 .text          0x00000092       0x58 c:/program files/eclipse/winavr/bin/../lib/gcc/avr/4.3.3/avr5\libgcc.a(_fixunssfsi.o)
                0x00000092                __fixunssfsi
 .text          0x000000ea      0x354 c:/program files/eclipse/winavr/bin/../lib/gcc/avr/4.3.3/avr5\libgcc.a(_addsub_sf.o)
                0x00000382                __subsf3
                0x000003e4                __addsf3
 .text          0x0000043e      0x1f4 c:/program files/eclipse/winavr/bin/../lib/gcc/avr/4.3.3/avr5\libgcc.a(_mul_sf.o)
                0x0000043e                __mulsf3
 .text          0x00000632      0x158 c:/program files/eclipse/winavr/bin/../lib/gcc/avr/4.3.3/avr5\libgcc.a(_div_sf.o)
                0x00000632                __divsf3
 .text          0x0000078a       0x60 c:/program files/eclipse/winavr/bin/../lib/gcc/avr/4.3.3/avr5\libgcc.a(_gt_sf.o)
                0x0000078a                __gtsf2
 .text          0x000007ea       0x60 c:/program files/eclipse/winavr/bin/../lib/gcc/avr/4.3.3/avr5\libgcc.a(_ge_sf.o)
                0x000007ea                __gesf2
 .text          0x0000084a       0x60 c:/program files/eclipse/winavr/bin/../lib/gcc/avr/4.3.3/avr5\libgcc.a(_lt_sf.o)
                0x0000084a                __ltsf2
 .text          0x000008aa       0xbc c:/program files/eclipse/winavr/bin/../lib/gcc/avr/4.3.3/avr5\libgcc.a(_si_to_sf.o)
                0x000008aa                __floatsisf
 .text          0x00000966       0xa8 c:/program files/eclipse/winavr/bin/../lib/gcc/avr/4.3.3/avr5\libgcc.a(_sf_to_si.o)
                0x00000966                __fixsfsi
 .text          0x00000a0e        0x0 c:/program files/eclipse/winavr/bin/../lib/gcc/avr/4.3.3/avr5\libgcc.a(_thenan_sf.o)
 .text          0x00000a0e       0xf2 c:/program files/eclipse/winavr/bin/../lib/gcc/avr/4.3.3/avr5\libgcc.a(_usi_to_sf.o)
                0x00000a0e                __floatunsisf
 .text          0x00000b00        0x0 c:/program files/eclipse/winavr/bin/../lib/gcc/avr/4.3.3/avr5\libgcc.a(_prologue.o)
 .text          0x00000b00        0x0 c:/program files/eclipse/winavr/bin/../lib/gcc/avr/4.3.3/avr5\libgcc.a(_epilogue.o)
 .text          0x00000b00       0x9e c:/program files/eclipse/winavr/bin/../lib/gcc/avr/4.3.3/avr5\libgcc.a(_clzsi2.o)
                0x00000b00                __clzsi2
 .text          0x00000b9e      0x1aa c:/program files/eclipse/winavr/bin/../lib/gcc/avr/4.3.3/avr5\libgcc.a(_pack_sf.o)
                0x00000b9e                __pack_f
 .text          0x00000d48       0xf0 c:/program files/eclipse/winavr/bin/../lib/gcc/avr/4.3.3/avr5\libgcc.a(_unpack_sf.o)
                0x00000d48                __unpack_f
 .text          0x00000e38       0xb2 c:/program files/eclipse/winavr/bin/../lib/gcc/avr/4.3.3/avr5\libgcc.a(_fpcmp_parts_sf.o)
                0x00000e38                __fpcmp_parts_f
 .text          0x00000eea        0x0 c:/program files/eclipse/winavr/bin/../lib/gcc/avr/4.3.3/avr5\libgcc.a(_clz.o)
 .text          0x00000eea        0x0 c:/program files/eclipse/winavr/bin/../lib/gcc/avr/4.3.3/../../../../avr/lib/avr5\libc.a(malloc.o)
 .text          0x00000eea        0x0 c:/program files/eclipse/winavr/bin/../lib/gcc/avr/4.3.3/../../../../avr/lib/avr5\libc.a(itoa.o)
 .text          0x00000eea        0x0 c:/program files/eclipse/winavr/bin/../lib/gcc/avr/4.3.3/../../../../avr/lib/avr5\libc.a(ceil.o)
 .text          0x00000eea        0x0 c:/program files/eclipse/winavr/bin/../lib/gcc/avr/4.3.3/../../../../avr/lib/avr5\libc.a(fp_mintl.o)
 .text          0x00000eea        0x0 c:/program files/eclipse/winavr/bin/../lib/gcc/avr/4.3.3/../../../../avr/lib/avr5\libc.a(fp_mpack.o)
 .text          0x00000eea        0x0 c:/program files/eclipse/winavr/bin/../lib/gcc/avr/4.3.3/../../../../avr/lib/avr5\libc.a(fp_trunc.o)
 .text          0x00000eea        0x0 c:/program files/eclipse/winavr/bin/../lib/gcc/avr/4.3.3/../../../../avr/lib/avr5\libc.a(fp_zero.o)
 .text          0x00000eea        0x0 c:/program files/eclipse/winavr/bin/../lib/gcc/avr/4.3.3/../../../../avr/lib/avr5\libc.a(strrev.o)
 .text          0x00000eea        0x0 c:/program files/eclipse/winavr/bin/../lib/gcc/avr/4.3.3/../../../../avr/lib/avr5\libc.a(fp_split3.o)
 .text          0x00000eea        0x0 c:/program files/eclipse/winavr/bin/../lib/gcc/avr/4.3.3/avr5\libgcc.a(_udivmodhi4.o)
                0x00000eea                . = ALIGN (0x2)
 *(.text.*)
 .text.USART_Init
                0x00000eea      0x2cc ./MCAL/USART_DRIVER/USART.o
                0x00000eea                USART_Init
 .text.USART_sendByte
                0x000011b6       0x2e ./MCAL/USART_DRIVER/USART.o
                0x000011b6                USART_sendByte
 .text.USART_receiveByte
                0x000011e4       0x1e ./MCAL/USART_DRIVER/USART.o
                0x000011e4                USART_receiveByte
 .text.USART_sendString
                0x00001202       0x52 ./MCAL/USART_DRIVER/USART.o
                0x00001202                USART_sendString
 .text.USART_receiveString
                0x00001254       0x86 ./MCAL/USART_DRIVER/USART.o
                0x00001254                USART_receiveString
 .text.Timer0_Init
                0x000012da      0x17c ./MCAL/TIMER_DRIVER/TIMER.o
                0x000012da                Timer0_Init
 .text.Timer0_deInit
                0x00001456       0x20 ./MCAL/TIMER_DRIVER/TIMER.o
                0x00001456                Timer0_deInit
 .text.Timer1_Init
                0x00001476      0x168 ./MCAL/TIMER_DRIVER/TIMER.o
                0x00001476                Timer1_Init
 .text.Timer1_deInit
                0x000015de       0x32 ./MCAL/TIMER_DRIVER/TIMER.o
                0x000015de                Timer1_deInit
 .text.Timer2_Init
                0x00001610      0x17c ./MCAL/TIMER_DRIVER/TIMER.o
                0x00001610                Timer2_Init
 .text.Timer2_deInit
                0x0000178c       0x20 ./MCAL/TIMER_DRIVER/TIMER.o
                0x0000178c                Timer2_deInit
 .text.Timer0_normalDelaySec
                0x000017ac      0x114 ./MCAL/TIMER_DRIVER/TIMER.o
                0x000017ac                Timer0_normalDelaySec
 .text.Timer1_normalDelaySec
                0x000018c0      0x114 ./MCAL/TIMER_DRIVER/TIMER.o
                0x000018c0                Timer1_normalDelaySec
 .text.Timer_setCTCMode_normalFreq
                0x000019d4       0xf0 ./MCAL/TIMER_DRIVER/TIMER.o
                0x000019d4                Timer_setCTCMode_normalFreq
 .text.Timer_setCTCMode_interruptFreq
                0x00001ac4       0xb0 ./MCAL/TIMER_DRIVER/TIMER.o
                0x00001ac4                Timer_setCTCMode_interruptFreq
 .text.SPI_initMaster
                0x00001b74       0x7c ./MCAL/SPI_DRIVER/SPI.o
                0x00001b74                SPI_initMaster
 .text.SPI_initSlave
                0x00001bf0       0x7c ./MCAL/SPI_DRIVER/SPI.o
                0x00001bf0                SPI_initSlave
 .text.SPI_sendReceiveByte
                0x00001c6c       0x2c ./MCAL/SPI_DRIVER/SPI.o
                0x00001c6c                SPI_sendReceiveByte
 .text.SPI_sendString
                0x00001c98       0x58 ./MCAL/SPI_DRIVER/SPI.o
                0x00001c98                SPI_sendString
 .text.SPI_receiveString
                0x00001cf0       0x8a ./MCAL/SPI_DRIVER/SPI.o
                0x00001cf0                SPI_receiveString
 .text.ICU_Init
                0x00001d7a       0xd4 ./MCAL/ICU_DRIVER/ICU.o
                0x00001d7a                ICU_Init
 .text.I2C_Init
                0x00001e4e       0x2c ./MCAL/I2C_DRIVER/I2C.o
                0x00001e4e                I2C_Init
 .text.I2C_Start
                0x00001e7a       0x20 ./MCAL/I2C_DRIVER/I2C.o
                0x00001e7a                I2C_Start
 .text.I2C_Stop
                0x00001e9a       0x16 ./MCAL/I2C_DRIVER/I2C.o
                0x00001e9a                I2C_Stop
 .text.I2C_writeByte
                0x00001eb0       0x2e ./MCAL/I2C_DRIVER/I2C.o
                0x00001eb0                I2C_writeByte
 .text.I2C_readByteWithACK
                0x00001ede       0x26 ./MCAL/I2C_DRIVER/I2C.o
                0x00001ede                I2C_readByteWithACK
 .text.I2C_readByteWithNACK
                0x00001f04       0x26 ./MCAL/I2C_DRIVER/I2C.o
                0x00001f04                I2C_readByteWithNACK
 .text.I2C_getStatus
                0x00001f2a       0x1e ./MCAL/I2C_DRIVER/I2C.o
                0x00001f2a                I2C_getStatus
 .text.GPIO_setupPinDirection
                0x00001f48      0x1f8 ./MCAL/GPIO_DRIVER/GPIO.o
                0x00001f48                GPIO_setupPinDirection
 .text.GPIO_writePin
                0x00002140      0x1f8 ./MCAL/GPIO_DRIVER/GPIO.o
                0x00002140                GPIO_writePin
 .text.GPIO_togglePin
                0x00002338      0x11c ./MCAL/GPIO_DRIVER/GPIO.o
                0x00002338                GPIO_togglePin
 .text.GPIO_readPin
                0x00002454      0x156 ./MCAL/GPIO_DRIVER/GPIO.o
                0x00002454                GPIO_readPin
 .text.GPIO_setupPortDirection
                0x000025aa       0xaa ./MCAL/GPIO_DRIVER/GPIO.o
                0x000025aa                GPIO_setupPortDirection
 .text.GPIO_writePort
                0x00002654       0x98 ./MCAL/GPIO_DRIVER/GPIO.o
                0x00002654                GPIO_writePort
 .text.GPIO_readPort
                0x000026ec       0x96 ./MCAL/GPIO_DRIVER/GPIO.o
                0x000026ec                GPIO_readPort
 .text.EXT_INTERRUPT_Init
                0x00002782       0x6c ./MCAL/EXT_INTERRUPT_DRIVER/EXT_INTERRUPT.o
                0x00002782                EXT_INTERRUPT_Init
 .text.EXT_INTERRUPT_DeInit
                0x000027ee       0x2a ./MCAL/EXT_INTERRUPT_DRIVER/EXT_INTERRUPT.o
                0x000027ee                EXT_INTERRUPT_DeInit
 .text.EXT_INTERRUPT_SetCallBack
                0x00002818       0x24 ./MCAL/EXT_INTERRUPT_DRIVER/EXT_INTERRUPT.o
                0x00002818                EXT_INTERRUPT_SetCallBack
 .text.ADC_Init
                0x0000283c       0xd2 ./MCAL/ADC_DRIVER/ADC.o
                0x0000283c                ADC_Init
 .text.ADC_readChannel
                0x0000290e       0x6e ./MCAL/ADC_DRIVER/ADC.o
                0x0000290e                ADC_readChannel
 .text.SEGMENT_Init
                0x0000297c       0x50 ./ECUAL/SEVEN-SEGMENT_DRIVER/SEGMENT.o
                0x0000297c                SEGMENT_Init
 .text.SEGMENT_DISPLAY
                0x000029cc      0x27a ./ECUAL/SEVEN-SEGMENT_DRIVER/SEGMENT.o
                0x000029cc                SEGMENT_DISPLAY
 .text.MOTOR_dcMotorInit
                0x00002c46       0x54 ./ECUAL/MOTOR_DRIVER/MOTOR.o
                0x00002c46                MOTOR_dcMotorInit
 .text.MOTOR_dcMotorControl
                0x00002c9a       0xa0 ./ECUAL/MOTOR_DRIVER/MOTOR.o
                0x00002c9a                MOTOR_dcMotorControl
 .text.LM35_getTemperature
                0x00002d3a       0x6e ./ECUAL/LM35_DRIVER/LM35.o
                0x00002d3a                LM35_getTemperature
 .text.LED_Init
                0x00002da8       0x44 ./ECUAL/LED_DRIVER/LED.o
                0x00002da8                LED_Init
 .text.LED_On   0x00002dec       0x44 ./ECUAL/LED_DRIVER/LED.o
                0x00002dec                LED_On
 .text.LED_Off  0x00002e30       0x44 ./ECUAL/LED_DRIVER/LED.o
                0x00002e30                LED_Off
 .text.LED_Toggle
                0x00002e74       0x42 ./ECUAL/LED_DRIVER/LED.o
                0x00002e74                LED_Toggle
 .text.LCD_Init
                0x00002eb6      0x138 ./ECUAL/LCD_DRIVER/LCD.o
                0x00002eb6                LCD_Init
 .text.LCD_sendCommand
                0x00002fee      0x3de ./ECUAL/LCD_DRIVER/LCD.o
                0x00002fee                LCD_sendCommand
 .text.LCD_displayCharacter
                0x000033cc      0x3de ./ECUAL/LCD_DRIVER/LCD.o
                0x000033cc                LCD_displayCharacter
 .text.LCD_displayString
                0x000037aa       0x52 ./ECUAL/LCD_DRIVER/LCD.o
                0x000037aa                LCD_displayString
 .text.LCD_moveCursor
                0x000037fc       0x84 ./ECUAL/LCD_DRIVER/LCD.o
                0x000037fc                LCD_moveCursor
 .text.LCD_displayStringRowColumn
                0x00003880       0x32 ./ECUAL/LCD_DRIVER/LCD.o
                0x00003880                LCD_displayStringRowColumn
 .text.LCD_intgerToString
                0x000038b2       0x46 ./ECUAL/LCD_DRIVER/LCD.o
                0x000038b2                LCD_intgerToString
 .text.LCD_clearScreen
                0x000038f8       0x14 ./ECUAL/LCD_DRIVER/LCD.o
                0x000038f8                LCD_clearScreen
 .text.KEYPAD_Init
                0x0000390c       0x5e ./ECUAL/KEYPAD_DRIVER/KEYPAD.o
                0x0000390c                KEYPAD_Init
 .text.KEYPAD_getPressedKey
                0x0000396a       0x80 ./ECUAL/KEYPAD_DRIVER/KEYPAD.o
                0x0000396a                KEYPAD_getPressedKey
 .text.KEYPAD_4x4_adjustKeyNumber
                0x000039ea      0x14e ./ECUAL/KEYPAD_DRIVER/KEYPAD.o
 .text.EEPROM_writeByte
                0x00003b38       0x8a ./ECUAL/EEPROM_DRIVER/EEPROM.o
                0x00003b38                EEPROM_writeByte
 .text.EEPROM_readByte
                0x00003bc2       0xb6 ./ECUAL/EEPROM_DRIVER/EEPROM.o
                0x00003bc2                EEPROM_readByte
 .text.Buzzer_Init
                0x00003c78       0x2c ./ECUAL/BUZZER_DRIVER/BUZZER.o
                0x00003c78                Buzzer_Init
 .text.Buzzer_On
                0x00003ca4       0x22 ./ECUAL/BUZZER_DRIVER/BUZZER.o
                0x00003ca4                Buzzer_On
 .text.Buzzer_Off
                0x00003cc6       0x22 ./ECUAL/BUZZER_DRIVER/BUZZER.o
                0x00003cc6                Buzzer_Off
 .text.BUTTON_Init
                0x00003ce8       0x44 ./ECUAL/BUTTON_DRIVER/BUTTON.o
                0x00003ce8                BUTTON_Init
 .text.BUTTON_Read
                0x00003d2c       0x48 ./ECUAL/BUTTON_DRIVER/BUTTON.o
                0x00003d2c                BUTTON_Read
 .text.ISR      0x00003d74       0x1e ./APP/CTRL_main.o
                0x00003d74                ISR
 .text.main     0x00003d92       0x44 ./APP/CTRL_main.o
                0x00003d92                main
 .text.passwordEntry1
                0x00003dd6      0x194 ./APP/mainApp_Functions.o
                0x00003dd6                passwordEntry1
 .text.passwordEntry2
                0x00003f6a      0x194 ./APP/mainApp_Functions.o
                0x00003f6a                passwordEntry2
 .text.displayPasswords
                0x000040fe       0xc4 ./APP/mainApp_Functions.o
                0x000040fe                displayPasswords
 .text.libgcc   0x000041c2       0x3e c:/program files/eclipse/winavr/bin/../lib/gcc/avr/4.3.3/avr5\libgcc.a(_mulsi3.o)
                0x000041c2                __mulsi3
 .text.libgcc   0x00004200       0x44 c:/program files/eclipse/winavr/bin/../lib/gcc/avr/4.3.3/avr5\libgcc.a(_udivmodsi4.o)
                0x00004200                __udivmodsi4
 .text.libgcc   0x00004244        0x0 c:/program files/eclipse/winavr/bin/../lib/gcc/avr/4.3.3/avr5\libgcc.a(_exit.o)
 .text.libgcc   0x00004244        0x0 c:/program files/eclipse/winavr/bin/../lib/gcc/avr/4.3.3/avr5\libgcc.a(_copy_data.o)
 .text.libgcc   0x00004244        0x0 c:/program files/eclipse/winavr/bin/../lib/gcc/avr/4.3.3/avr5\libgcc.a(_clear_bss.o)
 .text.libgcc   0x00004244       0x38 c:/program files/eclipse/winavr/bin/../lib/gcc/avr/4.3.3/avr5\libgcc.a(_prologue.o)
                0x00004244                __prologue_saves__
 .text.libgcc   0x0000427c       0x36 c:/program files/eclipse/winavr/bin/../lib/gcc/avr/4.3.3/avr5\libgcc.a(_epilogue.o)
                0x0000427c                __epilogue_restores__
 .text.avr-libc
                0x000042b2      0x20a c:/program files/eclipse/winavr/bin/../lib/gcc/avr/4.3.3/../../../../avr/lib/avr5\libc.a(malloc.o)
                0x000042b2                malloc
                0x0000440c                free
 .text.avr-libc
                0x000044bc       0x42 c:/program files/eclipse/winavr/bin/../lib/gcc/avr/4.3.3/../../../../avr/lib/avr5\libc.a(itoa.o)
                0x000044bc                itoa
 .text.avr-libc.fplib
                0x000044fe       0x26 c:/program files/eclipse/winavr/bin/../lib/gcc/avr/4.3.3/../../../../avr/lib/avr5\libc.a(ceil.o)
                0x000044fe                ceil
 .text.avr-libc.fplib
                0x00004524       0x36 c:/program files/eclipse/winavr/bin/../lib/gcc/avr/4.3.3/../../../../avr/lib/avr5\libc.a(fp_mintl.o)
                0x00004524                __fp_mintl
 .text.avr-libc.fplib
                0x0000455a       0x1c c:/program files/eclipse/winavr/bin/../lib/gcc/avr/4.3.3/../../../../avr/lib/avr5\libc.a(fp_mpack.o)
                0x0000455e                __fp_mpack_finite
                0x0000455a                __fp_mpack
 .text.avr-libc.fplib
                0x00004576       0x2e c:/program files/eclipse/winavr/bin/../lib/gcc/avr/4.3.3/../../../../avr/lib/avr5\libc.a(fp_trunc.o)
                0x00004576                __fp_trunc
 .text.avr-libc.fplib
                0x000045a4        0xe c:/program files/eclipse/winavr/bin/../lib/gcc/avr/4.3.3/../../../../avr/lib/avr5\libc.a(fp_zero.o)
                0x000045a4                __fp_zero
                0x000045a6                __fp_szero
 .text.avr-libc
                0x000045b2       0x20 c:/program files/eclipse/winavr/bin/../lib/gcc/avr/4.3.3/../../../../avr/lib/avr5\libc.a(strrev.o)
                0x000045b2                strrev
 .text.avr-libc.fplib
                0x000045d2       0x44 c:/program files/eclipse/winavr/bin/../lib/gcc/avr/4.3.3/../../../../avr/lib/avr5\libc.a(fp_split3.o)
                0x000045d2                __fp_split3
                0x000045e2                __fp_splitA
 .text.libgcc   0x00004616       0x28 c:/program files/eclipse/winavr/bin/../lib/gcc/avr/4.3.3/avr5\libgcc.a(_udivmodhi4.o)
                0x00004616                __udivmodhi4
                0x0000463e                . = ALIGN (0x2)
 *(.fini9)
 .fini9         0x0000463e        0x0 c:/program files/eclipse/winavr/bin/../lib/gcc/avr/4.3.3/avr5\libgcc.a(_exit.o)
                0x0000463e                exit
                0x0000463e                _exit
 *(.fini9)
 *(.fini8)
 *(.fini8)
 *(.fini7)
 *(.fini7)
 *(.fini6)
 *(.fini6)
 *(.fini5)
 *(.fini5)
 *(.fini4)
 *(.fini4)
 *(.fini3)
 *(.fini3)
 *(.fini2)
 *(.fini2)
 *(.fini1)
 *(.fini1)
 *(.fini0)
 .fini0         0x0000463e        0x4 c:/program files/eclipse/winavr/bin/../lib/gcc/avr/4.3.3/avr5\libgcc.a(_exit.o)
 *(.fini0)
                0x00004642                _etext = .

.data           0x00800060      0x13e load address 0x00004642
                0x00800060                PROVIDE (__data_start, .)
 *(.data)
 .data          0x00800060        0x0 c:/program files/eclipse/winavr/bin/../lib/gcc/avr/4.3.3/../../../../avr/lib/avr5/crtm32.o
 .data          0x00800060        0x0 ./MCAL/USART_DRIVER/USART.o
 .data          0x00800060        0x0 ./MCAL/TIMER_DRIVER/TIMER.o
 .data          0x00800060        0x0 ./MCAL/SPI_DRIVER/SPI.o
 .data          0x00800060        0x0 ./MCAL/ICU_DRIVER/ICU.o
 .data          0x00800060        0x0 ./MCAL/I2C_DRIVER/I2C.o
 .data          0x00800060        0x0 ./MCAL/GPIO_DRIVER/GPIO.o
 .data          0x00800060        0x0 ./MCAL/EXT_INTERRUPT_DRIVER/EXT_INTERRUPT.o
 .data          0x00800060        0x0 ./MCAL/ADC_DRIVER/ADC.o
 .data          0x00800060        0x0 ./ECUAL/SEVEN-SEGMENT_DRIVER/SEGMENT.o
 .data          0x00800060        0x0 ./ECUAL/MOTOR_DRIVER/MOTOR.o
 .data          0x00800060        0x0 ./ECUAL/LM35_DRIVER/LM35.o
 .data          0x00800060        0x0 ./ECUAL/LED_DRIVER/LED.o
 .data          0x00800060        0x0 ./ECUAL/LCD_DRIVER/LCD.o
 .data          0x00800060        0x0 ./ECUAL/KEYPAD_DRIVER/KEYPAD.o
 .data          0x00800060        0x0 ./ECUAL/EEPROM_DRIVER/EEPROM.o
 .data          0x00800060        0x0 ./ECUAL/BUZZER_DRIVER/BUZZER.o
 .data          0x00800060        0x0 ./ECUAL/BUTTON_DRIVER/BUTTON.o
 .data          0x00800060        0x0 ./APP/CTRL_main.o
 .data          0x00800060       0x2f ./APP/mainApp_Functions.o
 .data          0x0080008f        0x0 c:/program files/eclipse/winavr/bin/../lib/gcc/avr/4.3.3/avr5\libgcc.a(_mulsi3.o)
 .data          0x0080008f        0x0 c:/program files/eclipse/winavr/bin/../lib/gcc/avr/4.3.3/avr5\libgcc.a(_udivmodsi4.o)
 .data          0x0080008f        0x0 c:/program files/eclipse/winavr/bin/../lib/gcc/avr/4.3.3/avr5\libgcc.a(_exit.o)
 .data          0x0080008f        0x0 c:/program files/eclipse/winavr/bin/../lib/gcc/avr/4.3.3/avr5\libgcc.a(_copy_data.o)
 .data          0x0080008f        0x0 c:/program files/eclipse/winavr/bin/../lib/gcc/avr/4.3.3/avr5\libgcc.a(_clear_bss.o)
 .data          0x0080008f        0x0 c:/program files/eclipse/winavr/bin/../lib/gcc/avr/4.3.3/avr5\libgcc.a(_fixunssfsi.o)
 .data          0x0080008f        0x0 c:/program files/eclipse/winavr/bin/../lib/gcc/avr/4.3.3/avr5\libgcc.a(_addsub_sf.o)
 .data          0x0080008f        0x0 c:/program files/eclipse/winavr/bin/../lib/gcc/avr/4.3.3/avr5\libgcc.a(_mul_sf.o)
 .data          0x0080008f        0x0 c:/program files/eclipse/winavr/bin/../lib/gcc/avr/4.3.3/avr5\libgcc.a(_div_sf.o)
 .data          0x0080008f        0x0 c:/program files/eclipse/winavr/bin/../lib/gcc/avr/4.3.3/avr5\libgcc.a(_gt_sf.o)
 .data          0x0080008f        0x0 c:/program files/eclipse/winavr/bin/../lib/gcc/avr/4.3.3/avr5\libgcc.a(_ge_sf.o)
 .data          0x0080008f        0x0 c:/program files/eclipse/winavr/bin/../lib/gcc/avr/4.3.3/avr5\libgcc.a(_lt_sf.o)
 .data          0x0080008f        0x0 c:/program files/eclipse/winavr/bin/../lib/gcc/avr/4.3.3/avr5\libgcc.a(_si_to_sf.o)
 .data          0x0080008f        0x0 c:/program files/eclipse/winavr/bin/../lib/gcc/avr/4.3.3/avr5\libgcc.a(_sf_to_si.o)
 .data          0x0080008f        0x8 c:/program files/eclipse/winavr/bin/../lib/gcc/avr/4.3.3/avr5\libgcc.a(_thenan_sf.o)
                0x0080008f                __thenan_sf
 .data          0x00800097        0x0 c:/program files/eclipse/winavr/bin/../lib/gcc/avr/4.3.3/avr5\libgcc.a(_usi_to_sf.o)
 .data          0x00800097        0x0 c:/program files/eclipse/winavr/bin/../lib/gcc/avr/4.3.3/avr5\libgcc.a(_prologue.o)
 .data          0x00800097        0x0 c:/program files/eclipse/winavr/bin/../lib/gcc/avr/4.3.3/avr5\libgcc.a(_epilogue.o)
 .data          0x00800097        0x0 c:/program files/eclipse/winavr/bin/../lib/gcc/avr/4.3.3/avr5\libgcc.a(_clzsi2.o)
 .data          0x00800097        0x0 c:/program files/eclipse/winavr/bin/../lib/gcc/avr/4.3.3/avr5\libgcc.a(_pack_sf.o)
 .data          0x00800097        0x0 c:/program files/eclipse/winavr/bin/../lib/gcc/avr/4.3.3/avr5\libgcc.a(_unpack_sf.o)
 .data          0x00800097        0x0 c:/program files/eclipse/winavr/bin/../lib/gcc/avr/4.3.3/avr5\libgcc.a(_fpcmp_parts_sf.o)
 .data          0x00800097      0x100 c:/program files/eclipse/winavr/bin/../lib/gcc/avr/4.3.3/avr5\libgcc.a(_clz.o)
                0x00800097                __clz_tab
 .data          0x00800197        0x6 c:/program files/eclipse/winavr/bin/../lib/gcc/avr/4.3.3/../../../../avr/lib/avr5\libc.a(malloc.o)
                0x00800199                __malloc_heap_start
                0x0080019b                __malloc_heap_end
                0x00800197                __malloc_margin
 .data          0x0080019d        0x0 c:/program files/eclipse/winavr/bin/../lib/gcc/avr/4.3.3/../../../../avr/lib/avr5\libc.a(itoa.o)
 .data          0x0080019d        0x0 c:/program files/eclipse/winavr/bin/../lib/gcc/avr/4.3.3/../../../../avr/lib/avr5\libc.a(ceil.o)
 .data          0x0080019d        0x0 c:/program files/eclipse/winavr/bin/../lib/gcc/avr/4.3.3/../../../../avr/lib/avr5\libc.a(fp_mintl.o)
 .data          0x0080019d        0x0 c:/program files/eclipse/winavr/bin/../lib/gcc/avr/4.3.3/../../../../avr/lib/avr5\libc.a(fp_mpack.o)
 .data          0x0080019d        0x0 c:/program files/eclipse/winavr/bin/../lib/gcc/avr/4.3.3/../../../../avr/lib/avr5\libc.a(fp_trunc.o)
 .data          0x0080019d        0x0 c:/program files/eclipse/winavr/bin/../lib/gcc/avr/4.3.3/../../../../avr/lib/avr5\libc.a(fp_zero.o)
 .data          0x0080019d        0x0 c:/program files/eclipse/winavr/bin/../lib/gcc/avr/4.3.3/../../../../avr/lib/avr5\libc.a(strrev.o)
 .data          0x0080019d        0x0 c:/program files/eclipse/winavr/bin/../lib/gcc/avr/4.3.3/../../../../avr/lib/avr5\libc.a(fp_split3.o)
 .data          0x0080019d        0x0 c:/program files/eclipse/winavr/bin/../lib/gcc/avr/4.3.3/avr5\libgcc.a(_udivmodhi4.o)
 *(.data*)
 *(.rodata)
 *(.rodata*)
 *(.gnu.linkonce.d*)
                0x0080019e                . = ALIGN (0x2)
 *fill*         0x0080019d        0x1 00
                0x0080019e                _edata = .
                0x0080019e                PROVIDE (__data_end, .)

.bss            0x0080019e        0xa
                0x0080019e                PROVIDE (__bss_start, .)
 *(.bss)
 .bss           0x0080019e        0x0 c:/program files/eclipse/winavr/bin/../lib/gcc/avr/4.3.3/../../../../avr/lib/avr5/crtm32.o
 .bss           0x0080019e        0x0 ./MCAL/USART_DRIVER/USART.o
 .bss           0x0080019e        0x0 ./MCAL/TIMER_DRIVER/TIMER.o
 .bss           0x0080019e        0x0 ./MCAL/SPI_DRIVER/SPI.o
 .bss           0x0080019e        0x0 ./MCAL/ICU_DRIVER/ICU.o
 .bss           0x0080019e        0x0 ./MCAL/I2C_DRIVER/I2C.o
 .bss           0x0080019e        0x0 ./MCAL/GPIO_DRIVER/GPIO.o
 .bss           0x0080019e        0x0 ./MCAL/EXT_INTERRUPT_DRIVER/EXT_INTERRUPT.o
 .bss           0x0080019e        0x0 ./MCAL/ADC_DRIVER/ADC.o
 .bss           0x0080019e        0x0 ./ECUAL/SEVEN-SEGMENT_DRIVER/SEGMENT.o
 .bss           0x0080019e        0x0 ./ECUAL/MOTOR_DRIVER/MOTOR.o
 .bss           0x0080019e        0x0 ./ECUAL/LM35_DRIVER/LM35.o
 .bss           0x0080019e        0x0 ./ECUAL/LED_DRIVER/LED.o
 .bss           0x0080019e        0x0 ./ECUAL/LCD_DRIVER/LCD.o
 .bss           0x0080019e        0x0 ./ECUAL/KEYPAD_DRIVER/KEYPAD.o
 .bss           0x0080019e        0x0 ./ECUAL/EEPROM_DRIVER/EEPROM.o
 .bss           0x0080019e        0x0 ./ECUAL/BUZZER_DRIVER/BUZZER.o
 .bss           0x0080019e        0x0 ./ECUAL/BUTTON_DRIVER/BUTTON.o
 .bss           0x0080019e        0x0 ./APP/CTRL_main.o
 .bss           0x0080019e        0x0 ./APP/mainApp_Functions.o
 .bss           0x0080019e        0x0 c:/program files/eclipse/winavr/bin/../lib/gcc/avr/4.3.3/avr5\libgcc.a(_mulsi3.o)
 .bss           0x0080019e        0x0 c:/program files/eclipse/winavr/bin/../lib/gcc/avr/4.3.3/avr5\libgcc.a(_udivmodsi4.o)
 .bss           0x0080019e        0x0 c:/program files/eclipse/winavr/bin/../lib/gcc/avr/4.3.3/avr5\libgcc.a(_exit.o)
 .bss           0x0080019e        0x0 c:/program files/eclipse/winavr/bin/../lib/gcc/avr/4.3.3/avr5\libgcc.a(_copy_data.o)
 .bss           0x0080019e        0x0 c:/program files/eclipse/winavr/bin/../lib/gcc/avr/4.3.3/avr5\libgcc.a(_clear_bss.o)
 .bss           0x0080019e        0x0 c:/program files/eclipse/winavr/bin/../lib/gcc/avr/4.3.3/avr5\libgcc.a(_fixunssfsi.o)
 .bss           0x0080019e        0x0 c:/program files/eclipse/winavr/bin/../lib/gcc/avr/4.3.3/avr5\libgcc.a(_addsub_sf.o)
 .bss           0x0080019e        0x0 c:/program files/eclipse/winavr/bin/../lib/gcc/avr/4.3.3/avr5\libgcc.a(_mul_sf.o)
 .bss           0x0080019e        0x0 c:/program files/eclipse/winavr/bin/../lib/gcc/avr/4.3.3/avr5\libgcc.a(_div_sf.o)
 .bss           0x0080019e        0x0 c:/program files/eclipse/winavr/bin/../lib/gcc/avr/4.3.3/avr5\libgcc.a(_gt_sf.o)
 .bss           0x0080019e        0x0 c:/program files/eclipse/winavr/bin/../lib/gcc/avr/4.3.3/avr5\libgcc.a(_ge_sf.o)
 .bss           0x0080019e        0x0 c:/program files/eclipse/winavr/bin/../lib/gcc/avr/4.3.3/avr5\libgcc.a(_lt_sf.o)
 .bss           0x0080019e        0x0 c:/program files/eclipse/winavr/bin/../lib/gcc/avr/4.3.3/avr5\libgcc.a(_si_to_sf.o)
 .bss           0x0080019e        0x0 c:/program files/eclipse/winavr/bin/../lib/gcc/avr/4.3.3/avr5\libgcc.a(_sf_to_si.o)
 .bss           0x0080019e        0x0 c:/program files/eclipse/winavr/bin/../lib/gcc/avr/4.3.3/avr5\libgcc.a(_thenan_sf.o)
 .bss           0x0080019e        0x0 c:/program files/eclipse/winavr/bin/../lib/gcc/avr/4.3.3/avr5\libgcc.a(_usi_to_sf.o)
 .bss           0x0080019e        0x0 c:/program files/eclipse/winavr/bin/../lib/gcc/avr/4.3.3/avr5\libgcc.a(_prologue.o)
 .bss           0x0080019e        0x0 c:/program files/eclipse/winavr/bin/../lib/gcc/avr/4.3.3/avr5\libgcc.a(_epilogue.o)
 .bss           0x0080019e        0x0 c:/program files/eclipse/winavr/bin/../lib/gcc/avr/4.3.3/avr5\libgcc.a(_clzsi2.o)
 .bss           0x0080019e        0x0 c:/program files/eclipse/winavr/bin/../lib/gcc/avr/4.3.3/avr5\libgcc.a(_pack_sf.o)
 .bss           0x0080019e        0x0 c:/program files/eclipse/winavr/bin/../lib/gcc/avr/4.3.3/avr5\libgcc.a(_unpack_sf.o)
 .bss           0x0080019e        0x0 c:/program files/eclipse/winavr/bin/../lib/gcc/avr/4.3.3/avr5\libgcc.a(_fpcmp_parts_sf.o)
 .bss           0x0080019e        0x0 c:/program files/eclipse/winavr/bin/../lib/gcc/avr/4.3.3/avr5\libgcc.a(_clz.o)
 .bss           0x0080019e        0x0 c:/program files/eclipse/winavr/bin/../lib/gcc/avr/4.3.3/../../../../avr/lib/avr5\libc.a(malloc.o)
 .bss           0x0080019e        0x0 c:/program files/eclipse/winavr/bin/../lib/gcc/avr/4.3.3/../../../../avr/lib/avr5\libc.a(itoa.o)
 .bss           0x0080019e        0x0 c:/program files/eclipse/winavr/bin/../lib/gcc/avr/4.3.3/../../../../avr/lib/avr5\libc.a(ceil.o)
 .bss           0x0080019e        0x0 c:/program files/eclipse/winavr/bin/../lib/gcc/avr/4.3.3/../../../../avr/lib/avr5\libc.a(fp_mintl.o)
 .bss           0x0080019e        0x0 c:/program files/eclipse/winavr/bin/../lib/gcc/avr/4.3.3/../../../../avr/lib/avr5\libc.a(fp_mpack.o)
 .bss           0x0080019e        0x0 c:/program files/eclipse/winavr/bin/../lib/gcc/avr/4.3.3/../../../../avr/lib/avr5\libc.a(fp_trunc.o)
 .bss           0x0080019e        0x0 c:/program files/eclipse/winavr/bin/../lib/gcc/avr/4.3.3/../../../../avr/lib/avr5\libc.a(fp_zero.o)
 .bss           0x0080019e        0x0 c:/program files/eclipse/winavr/bin/../lib/gcc/avr/4.3.3/../../../../avr/lib/avr5\libc.a(strrev.o)
 .bss           0x0080019e        0x0 c:/program files/eclipse/winavr/bin/../lib/gcc/avr/4.3.3/../../../../avr/lib/avr5\libc.a(fp_split3.o)
 .bss           0x0080019e        0x0 c:/program files/eclipse/winavr/bin/../lib/gcc/avr/4.3.3/avr5\libgcc.a(_udivmodhi4.o)
 *(.bss*)
 .bss.Timer1_callback
                0x0080019e        0x2 ./MCAL/TIMER_DRIVER/TIMER.o
 .bss.CallBackPtr
                0x008001a0        0x2 ./MCAL/EXT_INTERRUPT_DRIVER/EXT_INTERRUPT.o
                0x008001a0                CallBackPtr
 .bss.Timer1_callback
                0x008001a2        0x2 ./APP/CTRL_main.o
 *(COMMON)
 COMMON         0x008001a4        0x4 c:/program files/eclipse/winavr/bin/../lib/gcc/avr/4.3.3/../../../../avr/lib/avr5\libc.a(malloc.o)
                0x008001a4                __brkval
                0x008001a6                __flp
                0x008001a8                PROVIDE (__bss_end, .)
                0x00004642                __data_load_start = LOADADDR (.data)
                0x00004780                __data_load_end = (__data_load_start + SIZEOF (.data))

.noinit         0x008001a8        0x0
                0x008001a8                PROVIDE (__noinit_start, .)
 *(.noinit*)
                0x008001a8                PROVIDE (__noinit_end, .)
                0x008001a8                _end = .
                0x008001a8                PROVIDE (__heap_start, .)

.eeprom         0x00810000        0x0
 *(.eeprom*)
                0x00810000                __eeprom_end = .

.fuse
 *(.fuse)
 *(.lfuse)
 *(.hfuse)
 *(.efuse)

.lock
 *(.lock*)

.signature
 *(.signature*)

.stab           0x00000000     0x6690
 *(.stab)
 .stab          0x00000000      0x7bc ./MCAL/USART_DRIVER/USART.o
 .stab          0x000007bc      0x984 ./MCAL/TIMER_DRIVER/TIMER.o
                                0xb40 (size before relaxing)
 .stab          0x00001140      0x4d4 ./MCAL/SPI_DRIVER/SPI.o
                                0x690 (size before relaxing)
 .stab          0x00001614      0x33c ./MCAL/ICU_DRIVER/ICU.o
                                0x4f8 (size before relaxing)
 .stab          0x00001950      0x468 ./MCAL/I2C_DRIVER/I2C.o
                                0x624 (size before relaxing)
 .stab          0x00001db8      0xa08 ./MCAL/GPIO_DRIVER/GPIO.o
                                0xbc4 (size before relaxing)
 .stab          0x000027c0      0x324 ./MCAL/EXT_INTERRUPT_DRIVER/EXT_INTERRUPT.o
                                0x4e0 (size before relaxing)
 .stab          0x00002ae4      0x378 ./MCAL/ADC_DRIVER/ADC.o
                                0x534 (size before relaxing)
 .stab          0x00002e5c      0x588 ./ECUAL/SEVEN-SEGMENT_DRIVER/SEGMENT.o
                                0x744 (size before relaxing)
 .stab          0x000033e4      0x324 ./ECUAL/MOTOR_DRIVER/MOTOR.o
                                0x4e0 (size before relaxing)
 .stab          0x00003708      0x2b8 ./ECUAL/LM35_DRIVER/LM35.o
                                0x474 (size before relaxing)
 .stab          0x000039c0      0x540 ./ECUAL/LED_DRIVER/LED.o
                                0x6fc (size before relaxing)
 .stab          0x00003f00      0xbd0 ./ECUAL/LCD_DRIVER/LCD.o
                                0xd8c (size before relaxing)
 .stab          0x00004ad0      0x4b0 ./ECUAL/KEYPAD_DRIVER/KEYPAD.o
                                0x66c (size before relaxing)
 .stab          0x00004f80      0x4ec ./ECUAL/EEPROM_DRIVER/EEPROM.o
                                0x6a8 (size before relaxing)
 .stab          0x0000546c      0x30c ./ECUAL/BUZZER_DRIVER/BUZZER.o
                                0x4c8 (size before relaxing)
 .stab          0x00005778      0x3c0 ./ECUAL/BUTTON_DRIVER/BUTTON.o
                                0x57c (size before relaxing)
 .stab          0x00005b38      0x4e0 ./APP/CTRL_main.o
                                0x69c (size before relaxing)
 .stab          0x00006018      0x678 ./APP/mainApp_Functions.o
                                0x984 (size before relaxing)

.stabstr        0x00000000     0x337c
 *(.stabstr)
 .stabstr       0x00000000     0x337c ./MCAL/USART_DRIVER/USART.o

.stab.excl
 *(.stab.excl)

.stab.exclstr
 *(.stab.exclstr)

.stab.index
 *(.stab.index)

.stab.indexstr
 *(.stab.indexstr)

.comment
 *(.comment)

.debug
 *(.debug)

.line
 *(.line)

.debug_srcinfo
 *(.debug_srcinfo)

.debug_sfnames
 *(.debug_sfnames)

.debug_aranges  0x00000000      0x1c0
 *(.debug_aranges)
 .debug_aranges
                0x00000000       0x20 c:/program files/eclipse/winavr/bin/../lib/gcc/avr/4.3.3/avr5\libgcc.a(_fixunssfsi.o)
 .debug_aranges
                0x00000020       0x20 c:/program files/eclipse/winavr/bin/../lib/gcc/avr/4.3.3/avr5\libgcc.a(_addsub_sf.o)
 .debug_aranges
                0x00000040       0x20 c:/program files/eclipse/winavr/bin/../lib/gcc/avr/4.3.3/avr5\libgcc.a(_mul_sf.o)
 .debug_aranges
                0x00000060       0x20 c:/program files/eclipse/winavr/bin/../lib/gcc/avr/4.3.3/avr5\libgcc.a(_div_sf.o)
 .debug_aranges
                0x00000080       0x20 c:/program files/eclipse/winavr/bin/../lib/gcc/avr/4.3.3/avr5\libgcc.a(_gt_sf.o)
 .debug_aranges
                0x000000a0       0x20 c:/program files/eclipse/winavr/bin/../lib/gcc/avr/4.3.3/avr5\libgcc.a(_ge_sf.o)
 .debug_aranges
                0x000000c0       0x20 c:/program files/eclipse/winavr/bin/../lib/gcc/avr/4.3.3/avr5\libgcc.a(_lt_sf.o)
 .debug_aranges
                0x000000e0       0x20 c:/program files/eclipse/winavr/bin/../lib/gcc/avr/4.3.3/avr5\libgcc.a(_si_to_sf.o)
 .debug_aranges
                0x00000100       0x20 c:/program files/eclipse/winavr/bin/../lib/gcc/avr/4.3.3/avr5\libgcc.a(_sf_to_si.o)
 .debug_aranges
                0x00000120       0x20 c:/program files/eclipse/winavr/bin/../lib/gcc/avr/4.3.3/avr5\libgcc.a(_usi_to_sf.o)
 .debug_aranges
                0x00000140       0x20 c:/program files/eclipse/winavr/bin/../lib/gcc/avr/4.3.3/avr5\libgcc.a(_clzsi2.o)
 .debug_aranges
                0x00000160       0x20 c:/program files/eclipse/winavr/bin/../lib/gcc/avr/4.3.3/avr5\libgcc.a(_pack_sf.o)
 .debug_aranges
                0x00000180       0x20 c:/program files/eclipse/winavr/bin/../lib/gcc/avr/4.3.3/avr5\libgcc.a(_unpack_sf.o)
 .debug_aranges
                0x000001a0       0x20 c:/program files/eclipse/winavr/bin/../lib/gcc/avr/4.3.3/avr5\libgcc.a(_fpcmp_parts_sf.o)

.debug_pubnames
                0x00000000      0x214
 *(.debug_pubnames)
 .debug_pubnames
                0x00000000       0x23 c:/program files/eclipse/winavr/bin/../lib/gcc/avr/4.3.3/avr5\libgcc.a(_fixunssfsi.o)
 .debug_pubnames
                0x00000023       0x2c c:/program files/eclipse/winavr/bin/../lib/gcc/avr/4.3.3/avr5\libgcc.a(_addsub_sf.o)
 .debug_pubnames
                0x0000004f       0x1f c:/program files/eclipse/winavr/bin/../lib/gcc/avr/4.3.3/avr5\libgcc.a(_mul_sf.o)
 .debug_pubnames
                0x0000006e       0x1f c:/program files/eclipse/winavr/bin/../lib/gcc/avr/4.3.3/avr5\libgcc.a(_div_sf.o)
 .debug_pubnames
                0x0000008d       0x1e c:/program files/eclipse/winavr/bin/../lib/gcc/avr/4.3.3/avr5\libgcc.a(_gt_sf.o)
 .debug_pubnames
                0x000000ab       0x1e c:/program files/eclipse/winavr/bin/../lib/gcc/avr/4.3.3/avr5\libgcc.a(_ge_sf.o)
 .debug_pubnames
                0x000000c9       0x1e c:/program files/eclipse/winavr/bin/../lib/gcc/avr/4.3.3/avr5\libgcc.a(_lt_sf.o)
 .debug_pubnames
                0x000000e7       0x22 c:/program files/eclipse/winavr/bin/../lib/gcc/avr/4.3.3/avr5\libgcc.a(_si_to_sf.o)
 .debug_pubnames
                0x00000109       0x20 c:/program files/eclipse/winavr/bin/../lib/gcc/avr/4.3.3/avr5\libgcc.a(_sf_to_si.o)
 .debug_pubnames
                0x00000129       0x22 c:/program files/eclipse/winavr/bin/../lib/gcc/avr/4.3.3/avr5\libgcc.a(_thenan_sf.o)
 .debug_pubnames
                0x0000014b       0x24 c:/program files/eclipse/winavr/bin/../lib/gcc/avr/4.3.3/avr5\libgcc.a(_usi_to_sf.o)
 .debug_pubnames
                0x0000016f       0x1f c:/program files/eclipse/winavr/bin/../lib/gcc/avr/4.3.3/avr5\libgcc.a(_clzsi2.o)
 .debug_pubnames
                0x0000018e       0x1f c:/program files/eclipse/winavr/bin/../lib/gcc/avr/4.3.3/avr5\libgcc.a(_pack_sf.o)
 .debug_pubnames
                0x000001ad       0x21 c:/program files/eclipse/winavr/bin/../lib/gcc/avr/4.3.3/avr5\libgcc.a(_unpack_sf.o)
 .debug_pubnames
                0x000001ce       0x26 c:/program files/eclipse/winavr/bin/../lib/gcc/avr/4.3.3/avr5\libgcc.a(_fpcmp_parts_sf.o)
 .debug_pubnames
                0x000001f4       0x20 c:/program files/eclipse/winavr/bin/../lib/gcc/avr/4.3.3/avr5\libgcc.a(_clz.o)

.debug_info     0x00000000     0x2612
 *(.debug_info)
 .debug_info    0x00000000       0xb1 c:/program files/eclipse/winavr/bin/../lib/gcc/avr/4.3.3/avr5\libgcc.a(_fixunssfsi.o)
 .debug_info    0x000000b1      0x47a c:/program files/eclipse/winavr/bin/../lib/gcc/avr/4.3.3/avr5\libgcc.a(_addsub_sf.o)
 .debug_info    0x0000052b      0x485 c:/program files/eclipse/winavr/bin/../lib/gcc/avr/4.3.3/avr5\libgcc.a(_mul_sf.o)
 .debug_info    0x000009b0      0x3fc c:/program files/eclipse/winavr/bin/../lib/gcc/avr/4.3.3/avr5\libgcc.a(_div_sf.o)
 .debug_info    0x00000dac      0x27f c:/program files/eclipse/winavr/bin/../lib/gcc/avr/4.3.3/avr5\libgcc.a(_gt_sf.o)
 .debug_info    0x0000102b      0x27f c:/program files/eclipse/winavr/bin/../lib/gcc/avr/4.3.3/avr5\libgcc.a(_ge_sf.o)
 .debug_info    0x000012aa      0x27f c:/program files/eclipse/winavr/bin/../lib/gcc/avr/4.3.3/avr5\libgcc.a(_lt_sf.o)
 .debug_info    0x00001529      0x207 c:/program files/eclipse/winavr/bin/../lib/gcc/avr/4.3.3/avr5\libgcc.a(_si_to_sf.o)
 .debug_info    0x00001730      0x2b0 c:/program files/eclipse/winavr/bin/../lib/gcc/avr/4.3.3/avr5\libgcc.a(_sf_to_si.o)
 .debug_info    0x000019e0      0x12c c:/program files/eclipse/winavr/bin/../lib/gcc/avr/4.3.3/avr5\libgcc.a(_thenan_sf.o)
 .debug_info    0x00001b0c      0x206 c:/program files/eclipse/winavr/bin/../lib/gcc/avr/4.3.3/avr5\libgcc.a(_usi_to_sf.o)
 .debug_info    0x00001d12      0x117 c:/program files/eclipse/winavr/bin/../lib/gcc/avr/4.3.3/avr5\libgcc.a(_clzsi2.o)
 .debug_info    0x00001e29      0x2df c:/program files/eclipse/winavr/bin/../lib/gcc/avr/4.3.3/avr5\libgcc.a(_pack_sf.o)
 .debug_info    0x00002108      0x251 c:/program files/eclipse/winavr/bin/../lib/gcc/avr/4.3.3/avr5\libgcc.a(_unpack_sf.o)
 .debug_info    0x00002359      0x210 c:/program files/eclipse/winavr/bin/../lib/gcc/avr/4.3.3/avr5\libgcc.a(_fpcmp_parts_sf.o)
 .debug_info    0x00002569       0xa9 c:/program files/eclipse/winavr/bin/../lib/gcc/avr/4.3.3/avr5\libgcc.a(_clz.o)
 *(.gnu.linkonce.wi.*)

.debug_abbrev   0x00000000     0x14ce
 *(.debug_abbrev)
 .debug_abbrev  0x00000000       0x5d c:/program files/eclipse/winavr/bin/../lib/gcc/avr/4.3.3/avr5\libgcc.a(_fixunssfsi.o)
 .debug_abbrev  0x0000005d      0x1ea c:/program files/eclipse/winavr/bin/../lib/gcc/avr/4.3.3/avr5\libgcc.a(_addsub_sf.o)
 .debug_abbrev  0x00000247      0x21b c:/program files/eclipse/winavr/bin/../lib/gcc/avr/4.3.3/avr5\libgcc.a(_mul_sf.o)
 .debug_abbrev  0x00000462      0x216 c:/program files/eclipse/winavr/bin/../lib/gcc/avr/4.3.3/avr5\libgcc.a(_div_sf.o)
 .debug_abbrev  0x00000678      0x15a c:/program files/eclipse/winavr/bin/../lib/gcc/avr/4.3.3/avr5\libgcc.a(_gt_sf.o)
 .debug_abbrev  0x000007d2      0x15a c:/program files/eclipse/winavr/bin/../lib/gcc/avr/4.3.3/avr5\libgcc.a(_ge_sf.o)
 .debug_abbrev  0x0000092c      0x15a c:/program files/eclipse/winavr/bin/../lib/gcc/avr/4.3.3/avr5\libgcc.a(_lt_sf.o)
 .debug_abbrev  0x00000a86      0x148 c:/program files/eclipse/winavr/bin/../lib/gcc/avr/4.3.3/avr5\libgcc.a(_si_to_sf.o)
 .debug_abbrev  0x00000bce      0x17f c:/program files/eclipse/winavr/bin/../lib/gcc/avr/4.3.3/avr5\libgcc.a(_sf_to_si.o)
 .debug_abbrev  0x00000d4d       0xad c:/program files/eclipse/winavr/bin/../lib/gcc/avr/4.3.3/avr5\libgcc.a(_thenan_sf.o)
 .debug_abbrev  0x00000dfa      0x157 c:/program files/eclipse/winavr/bin/../lib/gcc/avr/4.3.3/avr5\libgcc.a(_usi_to_sf.o)
 .debug_abbrev  0x00000f51       0xc4 c:/program files/eclipse/winavr/bin/../lib/gcc/avr/4.3.3/avr5\libgcc.a(_clzsi2.o)
 .debug_abbrev  0x00001015      0x1c0 c:/program files/eclipse/winavr/bin/../lib/gcc/avr/4.3.3/avr5\libgcc.a(_pack_sf.o)
 .debug_abbrev  0x000011d5      0x154 c:/program files/eclipse/winavr/bin/../lib/gcc/avr/4.3.3/avr5\libgcc.a(_unpack_sf.o)
 .debug_abbrev  0x00001329      0x13b c:/program files/eclipse/winavr/bin/../lib/gcc/avr/4.3.3/avr5\libgcc.a(_fpcmp_parts_sf.o)
 .debug_abbrev  0x00001464       0x6a c:/program files/eclipse/winavr/bin/../lib/gcc/avr/4.3.3/avr5\libgcc.a(_clz.o)

.debug_line     0x00000000     0x130b
 *(.debug_line)
 .debug_line    0x00000000       0xa7 c:/program files/eclipse/winavr/bin/../lib/gcc/avr/4.3.3/avr5\libgcc.a(_fixunssfsi.o)
 .debug_line    0x000000a7      0x2af c:/program files/eclipse/winavr/bin/../lib/gcc/avr/4.3.3/avr5\libgcc.a(_addsub_sf.o)
 .debug_line    0x00000356      0x239 c:/program files/eclipse/winavr/bin/../lib/gcc/avr/4.3.3/avr5\libgcc.a(_mul_sf.o)
 .debug_line    0x0000058f      0x1d5 c:/program files/eclipse/winavr/bin/../lib/gcc/avr/4.3.3/avr5\libgcc.a(_div_sf.o)
 .debug_line    0x00000764       0xd3 c:/program files/eclipse/winavr/bin/../lib/gcc/avr/4.3.3/avr5\libgcc.a(_gt_sf.o)
 .debug_line    0x00000837       0xd3 c:/program files/eclipse/winavr/bin/../lib/gcc/avr/4.3.3/avr5\libgcc.a(_ge_sf.o)
 .debug_line    0x0000090a       0xd3 c:/program files/eclipse/winavr/bin/../lib/gcc/avr/4.3.3/avr5\libgcc.a(_lt_sf.o)
 .debug_line    0x000009dd      0x135 c:/program files/eclipse/winavr/bin/../lib/gcc/avr/4.3.3/avr5\libgcc.a(_si_to_sf.o)
 .debug_line    0x00000b12      0x109 c:/program files/eclipse/winavr/bin/../lib/gcc/avr/4.3.3/avr5\libgcc.a(_sf_to_si.o)
 .debug_line    0x00000c1b       0x90 c:/program files/eclipse/winavr/bin/../lib/gcc/avr/4.3.3/avr5\libgcc.a(_thenan_sf.o)
 .debug_line    0x00000cab      0x133 c:/program files/eclipse/winavr/bin/../lib/gcc/avr/4.3.3/avr5\libgcc.a(_usi_to_sf.o)
 .debug_line    0x00000dde       0xa5 c:/program files/eclipse/winavr/bin/../lib/gcc/avr/4.3.3/avr5\libgcc.a(_clzsi2.o)
 .debug_line    0x00000e83      0x18a c:/program files/eclipse/winavr/bin/../lib/gcc/avr/4.3.3/avr5\libgcc.a(_pack_sf.o)
 .debug_line    0x0000100d      0x14b c:/program files/eclipse/winavr/bin/../lib/gcc/avr/4.3.3/avr5\libgcc.a(_unpack_sf.o)
 .debug_line    0x00001158      0x137 c:/program files/eclipse/winavr/bin/../lib/gcc/avr/4.3.3/avr5\libgcc.a(_fpcmp_parts_sf.o)
 .debug_line    0x0000128f       0x7c c:/program files/eclipse/winavr/bin/../lib/gcc/avr/4.3.3/avr5\libgcc.a(_clz.o)

.debug_frame    0x00000000      0x1e0
 *(.debug_frame)
 .debug_frame   0x00000000       0x20 c:/program files/eclipse/winavr/bin/../lib/gcc/avr/4.3.3/avr5\libgcc.a(_fixunssfsi.o)
 .debug_frame   0x00000020       0x40 c:/program files/eclipse/winavr/bin/../lib/gcc/avr/4.3.3/avr5\libgcc.a(_addsub_sf.o)
 .debug_frame   0x00000060       0x20 c:/program files/eclipse/winavr/bin/../lib/gcc/avr/4.3.3/avr5\libgcc.a(_mul_sf.o)
 .debug_frame   0x00000080       0x20 c:/program files/eclipse/winavr/bin/../lib/gcc/avr/4.3.3/avr5\libgcc.a(_div_sf.o)
 .debug_frame   0x000000a0       0x20 c:/program files/eclipse/winavr/bin/../lib/gcc/avr/4.3.3/avr5\libgcc.a(_gt_sf.o)
 .debug_frame   0x000000c0       0x20 c:/program files/eclipse/winavr/bin/../lib/gcc/avr/4.3.3/avr5\libgcc.a(_ge_sf.o)
 .debug_frame   0x000000e0       0x20 c:/program files/eclipse/winavr/bin/../lib/gcc/avr/4.3.3/avr5\libgcc.a(_lt_sf.o)
 .debug_frame   0x00000100       0x20 c:/program files/eclipse/winavr/bin/../lib/gcc/avr/4.3.3/avr5\libgcc.a(_si_to_sf.o)
 .debug_frame   0x00000120       0x20 c:/program files/eclipse/winavr/bin/../lib/gcc/avr/4.3.3/avr5\libgcc.a(_sf_to_si.o)
 .debug_frame   0x00000140       0x20 c:/program files/eclipse/winavr/bin/../lib/gcc/avr/4.3.3/avr5\libgcc.a(_usi_to_sf.o)
 .debug_frame   0x00000160       0x20 c:/program files/eclipse/winavr/bin/../lib/gcc/avr/4.3.3/avr5\libgcc.a(_clzsi2.o)
 .debug_frame   0x00000180       0x20 c:/program files/eclipse/winavr/bin/../lib/gcc/avr/4.3.3/avr5\libgcc.a(_pack_sf.o)
 .debug_frame   0x000001a0       0x20 c:/program files/eclipse/winavr/bin/../lib/gcc/avr/4.3.3/avr5\libgcc.a(_unpack_sf.o)
 .debug_frame   0x000001c0       0x20 c:/program files/eclipse/winavr/bin/../lib/gcc/avr/4.3.3/avr5\libgcc.a(_fpcmp_parts_sf.o)

.debug_str      0x00000000      0x307
 *(.debug_str)
 .debug_str     0x00000000       0xbf c:/program files/eclipse/winavr/bin/../lib/gcc/avr/4.3.3/avr5\libgcc.a(_fixunssfsi.o)
                                 0xfe (size before relaxing)
 .debug_str     0x000000bf      0x14d c:/program files/eclipse/winavr/bin/../lib/gcc/avr/4.3.3/avr5\libgcc.a(_addsub_sf.o)
                                0x206 (size before relaxing)
 .debug_str     0x0000020c       0x27 c:/program files/eclipse/winavr/bin/../lib/gcc/avr/4.3.3/avr5\libgcc.a(_mul_sf.o)
                                0x1bf (size before relaxing)
 .debug_str     0x00000233       0x35 c:/program files/eclipse/winavr/bin/../lib/gcc/avr/4.3.3/avr5\libgcc.a(_div_sf.o)
                                0x1c8 (size before relaxing)
 .debug_str     0x00000268        0x8 c:/program files/eclipse/winavr/bin/../lib/gcc/avr/4.3.3/avr5\libgcc.a(_gt_sf.o)
                                0x195 (size before relaxing)
 .debug_str     0x00000270        0x8 c:/program files/eclipse/winavr/bin/../lib/gcc/avr/4.3.3/avr5\libgcc.a(_ge_sf.o)
                                0x195 (size before relaxing)
 .debug_str     0x00000278        0x8 c:/program files/eclipse/winavr/bin/../lib/gcc/avr/4.3.3/avr5\libgcc.a(_lt_sf.o)
                                0x195 (size before relaxing)
 .debug_str     0x00000280       0x1e c:/program files/eclipse/winavr/bin/../lib/gcc/avr/4.3.3/avr5\libgcc.a(_si_to_sf.o)
                                0x17b (size before relaxing)
 .debug_str     0x0000029e        0xa c:/program files/eclipse/winavr/bin/../lib/gcc/avr/4.3.3/avr5\libgcc.a(_sf_to_si.o)
                                0x19e (size before relaxing)
 .debug_str     0x00000000      0x103 c:/program files/eclipse/winavr/bin/../lib/gcc/avr/4.3.3/avr5\libgcc.a(_thenan_sf.o)
 .debug_str     0x000002a8       0x14 c:/program files/eclipse/winavr/bin/../lib/gcc/avr/4.3.3/avr5\libgcc.a(_usi_to_sf.o)
                                0x177 (size before relaxing)
 .debug_str     0x000002bc       0x20 c:/program files/eclipse/winavr/bin/../lib/gcc/avr/4.3.3/avr5\libgcc.a(_clzsi2.o)
                                0x111 (size before relaxing)
 .debug_str     0x000002dc       0x10 c:/program files/eclipse/winavr/bin/../lib/gcc/avr/4.3.3/avr5\libgcc.a(_pack_sf.o)
                                0x19d (size before relaxing)
 .debug_str     0x000002ec        0xb c:/program files/eclipse/winavr/bin/../lib/gcc/avr/4.3.3/avr5\libgcc.a(_unpack_sf.o)
                                0x17f (size before relaxing)
 .debug_str     0x000002f7       0x10 c:/program files/eclipse/winavr/bin/../lib/gcc/avr/4.3.3/avr5\libgcc.a(_fpcmp_parts_sf.o)
                                0x163 (size before relaxing)
 .debug_str     0x00000000       0xf4 c:/program files/eclipse/winavr/bin/../lib/gcc/avr/4.3.3/avr5\libgcc.a(_clz.o)

.debug_loc      0x00000000      0xa1a
 *(.debug_loc)
 .debug_loc     0x00000000       0x34 c:/program files/eclipse/winavr/bin/../lib/gcc/avr/4.3.3/avr5\libgcc.a(_fixunssfsi.o)
 .debug_loc     0x00000034      0x32a c:/program files/eclipse/winavr/bin/../lib/gcc/avr/4.3.3/avr5\libgcc.a(_addsub_sf.o)
 .debug_loc     0x0000035e      0x104 c:/program files/eclipse/winavr/bin/../lib/gcc/avr/4.3.3/avr5\libgcc.a(_mul_sf.o)
 .debug_loc     0x00000462       0xc0 c:/program files/eclipse/winavr/bin/../lib/gcc/avr/4.3.3/avr5\libgcc.a(_div_sf.o)
 .debug_loc     0x00000522       0x3c c:/program files/eclipse/winavr/bin/../lib/gcc/avr/4.3.3/avr5\libgcc.a(_gt_sf.o)
 .debug_loc     0x0000055e       0x3c c:/program files/eclipse/winavr/bin/../lib/gcc/avr/4.3.3/avr5\libgcc.a(_ge_sf.o)
 .debug_loc     0x0000059a       0x3c c:/program files/eclipse/winavr/bin/../lib/gcc/avr/4.3.3/avr5\libgcc.a(_lt_sf.o)
 .debug_loc     0x000005d6       0xac c:/program files/eclipse/winavr/bin/../lib/gcc/avr/4.3.3/avr5\libgcc.a(_si_to_sf.o)
 .debug_loc     0x00000682       0x7e c:/program files/eclipse/winavr/bin/../lib/gcc/avr/4.3.3/avr5\libgcc.a(_sf_to_si.o)
 .debug_loc     0x00000700       0x4c c:/program files/eclipse/winavr/bin/../lib/gcc/avr/4.3.3/avr5\libgcc.a(_usi_to_sf.o)
 .debug_loc     0x0000074c       0x94 c:/program files/eclipse/winavr/bin/../lib/gcc/avr/4.3.3/avr5\libgcc.a(_clzsi2.o)
 .debug_loc     0x000007e0      0x13e c:/program files/eclipse/winavr/bin/../lib/gcc/avr/4.3.3/avr5\libgcc.a(_pack_sf.o)
 .debug_loc     0x0000091e       0xac c:/program files/eclipse/winavr/bin/../lib/gcc/avr/4.3.3/avr5\libgcc.a(_unpack_sf.o)
 .debug_loc     0x000009ca       0x50 c:/program files/eclipse/winavr/bin/../lib/gcc/avr/4.3.3/avr5\libgcc.a(_fpcmp_parts_sf.o)

.debug_macinfo
 *(.debug_macinfo)
OUTPUT(DOOR-LOCK-PROJECT_CTRL-ECU_HOSA.elf elf32-avr)
LOAD linker stubs

.debug_ranges   0x00000000       0x50
 .debug_ranges  0x00000000       0x50 c:/program files/eclipse/winavr/bin/../lib/gcc/avr/4.3.3/avr5\libgcc.a(_mul_sf.o)
