Archive member included to satisfy reference by file (symbol)

c:/program files (x86)/atmel/studio/7.0/toolchain/avr8/avr8-gnu-toolchain/bin/../lib/gcc/avr/5.4.0/avr5\libgcc.a(_exit.o)
                              C:/Program Files (x86)/Atmel/Studio/7.0/Packs/atmel/ATmega_DFP/1.7.374/gcc/dev/atmega32/avr5/crtatmega32.o (exit)
c:/program files (x86)/atmel/studio/7.0/toolchain/avr8/avr8-gnu-toolchain/bin/../lib/gcc/avr/5.4.0/avr5\libgcc.a(_tablejump2.o)
                              ECUAL/SEVEN-SEGMENT_DRIVER/SEGMENT.o (__tablejump2__)
c:/program files (x86)/atmel/studio/7.0/toolchain/avr8/avr8-gnu-toolchain/bin/../lib/gcc/avr/5.4.0/avr5\libgcc.a(_copy_data.o)
                              APP/main.o (__do_copy_data)
c:/program files (x86)/atmel/studio/7.0/toolchain/avr8/avr8-gnu-toolchain/bin/../lib/gcc/avr/5.4.0/../../../../avr/lib/avr5\libc.a(itoa.o)
                              ECUAL/LCD_DRIVER/LCD.o (itoa)
c:/program files (x86)/atmel/studio/7.0/toolchain/avr8/avr8-gnu-toolchain/bin/../lib/gcc/avr/5.4.0/../../../../avr/lib/avr5\libc.a(itoa_ncheck.o)
                              c:/program files (x86)/atmel/studio/7.0/toolchain/avr8/avr8-gnu-toolchain/bin/../lib/gcc/avr/5.4.0/../../../../avr/lib/avr5\libc.a(itoa.o) (__itoa_ncheck)
c:/program files (x86)/atmel/studio/7.0/toolchain/avr8/avr8-gnu-toolchain/bin/../lib/gcc/avr/5.4.0/../../../../avr/lib/avr5\libc.a(utoa_ncheck.o)
                              c:/program files (x86)/atmel/studio/7.0/toolchain/avr8/avr8-gnu-toolchain/bin/../lib/gcc/avr/5.4.0/../../../../avr/lib/avr5\libc.a(itoa_ncheck.o) (__utoa_common)
c:/program files (x86)/atmel/studio/7.0/toolchain/avr8/avr8-gnu-toolchain/bin/../lib/gcc/avr/5.4.0/../../../../avr/lib/avr5\libc.a(strrev.o)
                              c:/program files (x86)/atmel/studio/7.0/toolchain/avr8/avr8-gnu-toolchain/bin/../lib/gcc/avr/5.4.0/../../../../avr/lib/avr5\libc.a(utoa_ncheck.o) (strrev)

Discarded input sections

 .data          0x00000000        0x0 C:/Program Files (x86)/Atmel/Studio/7.0/Packs/atmel/ATmega_DFP/1.7.374/gcc/dev/atmega32/avr5/crtatmega32.o
 .bss           0x00000000        0x0 C:/Program Files (x86)/Atmel/Studio/7.0/Packs/atmel/ATmega_DFP/1.7.374/gcc/dev/atmega32/avr5/crtatmega32.o
 .text          0x00000000        0x0 APP/main.o
 .data          0x00000000        0x0 APP/main.o
 .bss           0x00000000        0x0 APP/main.o
 .text          0x00000000        0x0 ECUAL/BUTTON_DRIVER/BUTTON.o
 .data          0x00000000        0x0 ECUAL/BUTTON_DRIVER/BUTTON.o
 .bss           0x00000000        0x0 ECUAL/BUTTON_DRIVER/BUTTON.o
 .text.BUTTON_Init
                0x00000000       0x1a ECUAL/BUTTON_DRIVER/BUTTON.o
 .text.BUTTON_Read
                0x00000000       0x22 ECUAL/BUTTON_DRIVER/BUTTON.o
 .debug_info    0x00000000      0x1d7 ECUAL/BUTTON_DRIVER/BUTTON.o
 .debug_abbrev  0x00000000       0xfd ECUAL/BUTTON_DRIVER/BUTTON.o
 .debug_loc     0x00000000      0x125 ECUAL/BUTTON_DRIVER/BUTTON.o
 .debug_aranges
                0x00000000       0x28 ECUAL/BUTTON_DRIVER/BUTTON.o
 .debug_ranges  0x00000000       0x18 ECUAL/BUTTON_DRIVER/BUTTON.o
 .debug_line    0x00000000      0x192 ECUAL/BUTTON_DRIVER/BUTTON.o
 .debug_str     0x00000000      0x2c5 ECUAL/BUTTON_DRIVER/BUTTON.o
 .comment       0x00000000       0x31 ECUAL/BUTTON_DRIVER/BUTTON.o
 .debug_frame   0x00000000       0x40 ECUAL/BUTTON_DRIVER/BUTTON.o
 .text          0x00000000        0x0 ECUAL/KEYPAD_DRIVER/KEYPAD.o
 .data          0x00000000        0x0 ECUAL/KEYPAD_DRIVER/KEYPAD.o
 .bss           0x00000000        0x0 ECUAL/KEYPAD_DRIVER/KEYPAD.o
 .text.KEYPAD_Init
                0x00000000       0x48 ECUAL/KEYPAD_DRIVER/KEYPAD.o
 .text.KEYPAD_getPressedKey
                0x00000000       0x5e ECUAL/KEYPAD_DRIVER/KEYPAD.o
 .debug_info    0x00000000      0x257 ECUAL/KEYPAD_DRIVER/KEYPAD.o
 .debug_abbrev  0x00000000       0xcc ECUAL/KEYPAD_DRIVER/KEYPAD.o
 .debug_loc     0x00000000       0x85 ECUAL/KEYPAD_DRIVER/KEYPAD.o
 .debug_aranges
                0x00000000       0x28 ECUAL/KEYPAD_DRIVER/KEYPAD.o
 .debug_ranges  0x00000000       0x18 ECUAL/KEYPAD_DRIVER/KEYPAD.o
 .debug_line    0x00000000      0x166 ECUAL/KEYPAD_DRIVER/KEYPAD.o
 .debug_str     0x00000000      0x263 ECUAL/KEYPAD_DRIVER/KEYPAD.o
 .comment       0x00000000       0x31 ECUAL/KEYPAD_DRIVER/KEYPAD.o
 .debug_frame   0x00000000       0x44 ECUAL/KEYPAD_DRIVER/KEYPAD.o
 .text          0x00000000        0x0 ECUAL/LCD_DRIVER/LCD.o
 .data          0x00000000        0x0 ECUAL/LCD_DRIVER/LCD.o
 .bss           0x00000000        0x0 ECUAL/LCD_DRIVER/LCD.o
 .text.LCD_displayStringRowColumn
                0x00000000       0x16 ECUAL/LCD_DRIVER/LCD.o
 .text.LCD_clearScreen
                0x00000000        0x8 ECUAL/LCD_DRIVER/LCD.o
 .text          0x00000000        0x0 ECUAL/LED_DRIVER/LED.o
 .data          0x00000000        0x0 ECUAL/LED_DRIVER/LED.o
 .bss           0x00000000        0x0 ECUAL/LED_DRIVER/LED.o
 .text.LED_Init
                0x00000000       0x1a ECUAL/LED_DRIVER/LED.o
 .text.LED_On   0x00000000       0x1a ECUAL/LED_DRIVER/LED.o
 .text.LED_Off  0x00000000       0x1a ECUAL/LED_DRIVER/LED.o
 .text.LED_Toggle
                0x00000000       0x18 ECUAL/LED_DRIVER/LED.o
 .debug_info    0x00000000      0x2a1 ECUAL/LED_DRIVER/LED.o
 .debug_abbrev  0x00000000       0xc5 ECUAL/LED_DRIVER/LED.o
 .debug_loc     0x00000000      0x278 ECUAL/LED_DRIVER/LED.o
 .debug_aranges
                0x00000000       0x38 ECUAL/LED_DRIVER/LED.o
 .debug_ranges  0x00000000       0x28 ECUAL/LED_DRIVER/LED.o
 .debug_line    0x00000000      0x205 ECUAL/LED_DRIVER/LED.o
 .debug_str     0x00000000      0x2cb ECUAL/LED_DRIVER/LED.o
 .comment       0x00000000       0x31 ECUAL/LED_DRIVER/LED.o
 .debug_frame   0x00000000       0x54 ECUAL/LED_DRIVER/LED.o
 .text          0x00000000        0x0 ECUAL/SEVEN-SEGMENT_DRIVER/SEGMENT.o
 .data          0x00000000        0x0 ECUAL/SEVEN-SEGMENT_DRIVER/SEGMENT.o
 .bss           0x00000000        0x0 ECUAL/SEVEN-SEGMENT_DRIVER/SEGMENT.o
 .text.SEGMENT_Init
                0x00000000       0x38 ECUAL/SEVEN-SEGMENT_DRIVER/SEGMENT.o
 .text.SEGMENT_DISPLAY
                0x00000000      0x1ce ECUAL/SEVEN-SEGMENT_DRIVER/SEGMENT.o
 .progmem.gcc_sw_table.SEGMENT_DISPLAY
                0x00000000       0x14 ECUAL/SEVEN-SEGMENT_DRIVER/SEGMENT.o
 .debug_info    0x00000000      0x662 ECUAL/SEVEN-SEGMENT_DRIVER/SEGMENT.o
 .debug_abbrev  0x00000000       0xd2 ECUAL/SEVEN-SEGMENT_DRIVER/SEGMENT.o
 .debug_loc     0x00000000      0x358 ECUAL/SEVEN-SEGMENT_DRIVER/SEGMENT.o
 .debug_aranges
                0x00000000       0x28 ECUAL/SEVEN-SEGMENT_DRIVER/SEGMENT.o
 .debug_ranges  0x00000000       0x18 ECUAL/SEVEN-SEGMENT_DRIVER/SEGMENT.o
 .debug_line    0x00000000      0x319 ECUAL/SEVEN-SEGMENT_DRIVER/SEGMENT.o
 .debug_str     0x00000000      0x2d1 ECUAL/SEVEN-SEGMENT_DRIVER/SEGMENT.o
 .comment       0x00000000       0x31 ECUAL/SEVEN-SEGMENT_DRIVER/SEGMENT.o
 .debug_frame   0x00000000       0x44 ECUAL/SEVEN-SEGMENT_DRIVER/SEGMENT.o
 .text          0x00000000        0x0 MCAL/ADC_DRIVER/ADC.o
 .data          0x00000000        0x0 MCAL/ADC_DRIVER/ADC.o
 .bss           0x00000000        0x0 MCAL/ADC_DRIVER/ADC.o
 .text          0x00000000        0x0 MCAL/GPIO_DRIVER/GPIO.o
 .data          0x00000000        0x0 MCAL/GPIO_DRIVER/GPIO.o
 .bss           0x00000000        0x0 MCAL/GPIO_DRIVER/GPIO.o
 .text.GPIO_togglePin
                0x00000000       0x84 MCAL/GPIO_DRIVER/GPIO.o
 .text.GPIO_readPin
                0x00000000       0x8c MCAL/GPIO_DRIVER/GPIO.o
 .text.GPIO_setupPortDirection
                0x00000000       0x40 MCAL/GPIO_DRIVER/GPIO.o
 .text.GPIO_writePort
                0x00000000       0x34 MCAL/GPIO_DRIVER/GPIO.o
 .text.GPIO_readPort
                0x00000000       0x2c MCAL/GPIO_DRIVER/GPIO.o
 .text          0x00000000        0x0 c:/program files (x86)/atmel/studio/7.0/toolchain/avr8/avr8-gnu-toolchain/bin/../lib/gcc/avr/5.4.0/avr5\libgcc.a(_exit.o)
 .data          0x00000000        0x0 c:/program files (x86)/atmel/studio/7.0/toolchain/avr8/avr8-gnu-toolchain/bin/../lib/gcc/avr/5.4.0/avr5\libgcc.a(_exit.o)
 .bss           0x00000000        0x0 c:/program files (x86)/atmel/studio/7.0/toolchain/avr8/avr8-gnu-toolchain/bin/../lib/gcc/avr/5.4.0/avr5\libgcc.a(_exit.o)
 .text.libgcc.mul
                0x00000000        0x0 c:/program files (x86)/atmel/studio/7.0/toolchain/avr8/avr8-gnu-toolchain/bin/../lib/gcc/avr/5.4.0/avr5\libgcc.a(_exit.o)
 .text.libgcc.div
                0x00000000        0x0 c:/program files (x86)/atmel/studio/7.0/toolchain/avr8/avr8-gnu-toolchain/bin/../lib/gcc/avr/5.4.0/avr5\libgcc.a(_exit.o)
 .text.libgcc   0x00000000        0x0 c:/program files (x86)/atmel/studio/7.0/toolchain/avr8/avr8-gnu-toolchain/bin/../lib/gcc/avr/5.4.0/avr5\libgcc.a(_exit.o)
 .text.libgcc.prologue
                0x00000000        0x0 c:/program files (x86)/atmel/studio/7.0/toolchain/avr8/avr8-gnu-toolchain/bin/../lib/gcc/avr/5.4.0/avr5\libgcc.a(_exit.o)
 .text.libgcc.builtins
                0x00000000        0x0 c:/program files (x86)/atmel/studio/7.0/toolchain/avr8/avr8-gnu-toolchain/bin/../lib/gcc/avr/5.4.0/avr5\libgcc.a(_exit.o)
 .text.libgcc.fmul
                0x00000000        0x0 c:/program files (x86)/atmel/studio/7.0/toolchain/avr8/avr8-gnu-toolchain/bin/../lib/gcc/avr/5.4.0/avr5\libgcc.a(_exit.o)
 .text.libgcc.fixed
                0x00000000        0x0 c:/program files (x86)/atmel/studio/7.0/toolchain/avr8/avr8-gnu-toolchain/bin/../lib/gcc/avr/5.4.0/avr5\libgcc.a(_exit.o)
 .text          0x00000000        0x0 c:/program files (x86)/atmel/studio/7.0/toolchain/avr8/avr8-gnu-toolchain/bin/../lib/gcc/avr/5.4.0/avr5\libgcc.a(_tablejump2.o)
 .data          0x00000000        0x0 c:/program files (x86)/atmel/studio/7.0/toolchain/avr8/avr8-gnu-toolchain/bin/../lib/gcc/avr/5.4.0/avr5\libgcc.a(_tablejump2.o)
 .bss           0x00000000        0x0 c:/program files (x86)/atmel/studio/7.0/toolchain/avr8/avr8-gnu-toolchain/bin/../lib/gcc/avr/5.4.0/avr5\libgcc.a(_tablejump2.o)
 .text.libgcc.mul
                0x00000000        0x0 c:/program files (x86)/atmel/studio/7.0/toolchain/avr8/avr8-gnu-toolchain/bin/../lib/gcc/avr/5.4.0/avr5\libgcc.a(_tablejump2.o)
 .text.libgcc.div
                0x00000000        0x0 c:/program files (x86)/atmel/studio/7.0/toolchain/avr8/avr8-gnu-toolchain/bin/../lib/gcc/avr/5.4.0/avr5\libgcc.a(_tablejump2.o)
 .text.libgcc   0x00000000        0xc c:/program files (x86)/atmel/studio/7.0/toolchain/avr8/avr8-gnu-toolchain/bin/../lib/gcc/avr/5.4.0/avr5\libgcc.a(_tablejump2.o)
 .text.libgcc.prologue
                0x00000000        0x0 c:/program files (x86)/atmel/studio/7.0/toolchain/avr8/avr8-gnu-toolchain/bin/../lib/gcc/avr/5.4.0/avr5\libgcc.a(_tablejump2.o)
 .text.libgcc.builtins
                0x00000000        0x0 c:/program files (x86)/atmel/studio/7.0/toolchain/avr8/avr8-gnu-toolchain/bin/../lib/gcc/avr/5.4.0/avr5\libgcc.a(_tablejump2.o)
 .text.libgcc.fmul
                0x00000000        0x0 c:/program files (x86)/atmel/studio/7.0/toolchain/avr8/avr8-gnu-toolchain/bin/../lib/gcc/avr/5.4.0/avr5\libgcc.a(_tablejump2.o)
 .text.libgcc.fixed
                0x00000000        0x0 c:/program files (x86)/atmel/studio/7.0/toolchain/avr8/avr8-gnu-toolchain/bin/../lib/gcc/avr/5.4.0/avr5\libgcc.a(_tablejump2.o)
 .text          0x00000000        0x0 c:/program files (x86)/atmel/studio/7.0/toolchain/avr8/avr8-gnu-toolchain/bin/../lib/gcc/avr/5.4.0/avr5\libgcc.a(_copy_data.o)
 .data          0x00000000        0x0 c:/program files (x86)/atmel/studio/7.0/toolchain/avr8/avr8-gnu-toolchain/bin/../lib/gcc/avr/5.4.0/avr5\libgcc.a(_copy_data.o)
 .bss           0x00000000        0x0 c:/program files (x86)/atmel/studio/7.0/toolchain/avr8/avr8-gnu-toolchain/bin/../lib/gcc/avr/5.4.0/avr5\libgcc.a(_copy_data.o)
 .text.libgcc.mul
                0x00000000        0x0 c:/program files (x86)/atmel/studio/7.0/toolchain/avr8/avr8-gnu-toolchain/bin/../lib/gcc/avr/5.4.0/avr5\libgcc.a(_copy_data.o)
 .text.libgcc.div
                0x00000000        0x0 c:/program files (x86)/atmel/studio/7.0/toolchain/avr8/avr8-gnu-toolchain/bin/../lib/gcc/avr/5.4.0/avr5\libgcc.a(_copy_data.o)
 .text.libgcc   0x00000000        0x0 c:/program files (x86)/atmel/studio/7.0/toolchain/avr8/avr8-gnu-toolchain/bin/../lib/gcc/avr/5.4.0/avr5\libgcc.a(_copy_data.o)
 .text.libgcc.prologue
                0x00000000        0x0 c:/program files (x86)/atmel/studio/7.0/toolchain/avr8/avr8-gnu-toolchain/bin/../lib/gcc/avr/5.4.0/avr5\libgcc.a(_copy_data.o)
 .text.libgcc.builtins
                0x00000000        0x0 c:/program files (x86)/atmel/studio/7.0/toolchain/avr8/avr8-gnu-toolchain/bin/../lib/gcc/avr/5.4.0/avr5\libgcc.a(_copy_data.o)
 .text.libgcc.fmul
                0x00000000        0x0 c:/program files (x86)/atmel/studio/7.0/toolchain/avr8/avr8-gnu-toolchain/bin/../lib/gcc/avr/5.4.0/avr5\libgcc.a(_copy_data.o)
 .text.libgcc.fixed
                0x00000000        0x0 c:/program files (x86)/atmel/studio/7.0/toolchain/avr8/avr8-gnu-toolchain/bin/../lib/gcc/avr/5.4.0/avr5\libgcc.a(_copy_data.o)
 .text          0x00000000        0x0 c:/program files (x86)/atmel/studio/7.0/toolchain/avr8/avr8-gnu-toolchain/bin/../lib/gcc/avr/5.4.0/../../../../avr/lib/avr5\libc.a(itoa.o)
 .data          0x00000000        0x0 c:/program files (x86)/atmel/studio/7.0/toolchain/avr8/avr8-gnu-toolchain/bin/../lib/gcc/avr/5.4.0/../../../../avr/lib/avr5\libc.a(itoa.o)
 .bss           0x00000000        0x0 c:/program files (x86)/atmel/studio/7.0/toolchain/avr8/avr8-gnu-toolchain/bin/../lib/gcc/avr/5.4.0/../../../../avr/lib/avr5\libc.a(itoa.o)
 .text          0x00000000        0x0 c:/program files (x86)/atmel/studio/7.0/toolchain/avr8/avr8-gnu-toolchain/bin/../lib/gcc/avr/5.4.0/../../../../avr/lib/avr5\libc.a(itoa_ncheck.o)
 .data          0x00000000        0x0 c:/program files (x86)/atmel/studio/7.0/toolchain/avr8/avr8-gnu-toolchain/bin/../lib/gcc/avr/5.4.0/../../../../avr/lib/avr5\libc.a(itoa_ncheck.o)
 .bss           0x00000000        0x0 c:/program files (x86)/atmel/studio/7.0/toolchain/avr8/avr8-gnu-toolchain/bin/../lib/gcc/avr/5.4.0/../../../../avr/lib/avr5\libc.a(itoa_ncheck.o)
 .text          0x00000000        0x0 c:/program files (x86)/atmel/studio/7.0/toolchain/avr8/avr8-gnu-toolchain/bin/../lib/gcc/avr/5.4.0/../../../../avr/lib/avr5\libc.a(utoa_ncheck.o)
 .data          0x00000000        0x0 c:/program files (x86)/atmel/studio/7.0/toolchain/avr8/avr8-gnu-toolchain/bin/../lib/gcc/avr/5.4.0/../../../../avr/lib/avr5\libc.a(utoa_ncheck.o)
 .bss           0x00000000        0x0 c:/program files (x86)/atmel/studio/7.0/toolchain/avr8/avr8-gnu-toolchain/bin/../lib/gcc/avr/5.4.0/../../../../avr/lib/avr5\libc.a(utoa_ncheck.o)
 .text          0x00000000        0x0 c:/program files (x86)/atmel/studio/7.0/toolchain/avr8/avr8-gnu-toolchain/bin/../lib/gcc/avr/5.4.0/../../../../avr/lib/avr5\libc.a(strrev.o)
 .data          0x00000000        0x0 c:/program files (x86)/atmel/studio/7.0/toolchain/avr8/avr8-gnu-toolchain/bin/../lib/gcc/avr/5.4.0/../../../../avr/lib/avr5\libc.a(strrev.o)
 .bss           0x00000000        0x0 c:/program files (x86)/atmel/studio/7.0/toolchain/avr8/avr8-gnu-toolchain/bin/../lib/gcc/avr/5.4.0/../../../../avr/lib/avr5\libc.a(strrev.o)

Memory Configuration

Name             Origin             Length             Attributes
text             0x00000000         0x00008000         xr
data             0x00800060         0x00000800         rw !x
eeprom           0x00810000         0x00000400         rw !x
fuse             0x00820000         0x00000002         rw !x
lock             0x00830000         0x00000400         rw !x
signature        0x00840000         0x00000400         rw !x
user_signatures  0x00850000         0x00000400         rw !x
*default*        0x00000000         0xffffffff

Linker script and memory map

LOAD C:/Program Files (x86)/Atmel/Studio/7.0/Packs/atmel/ATmega_DFP/1.7.374/gcc/dev/atmega32/avr5/crtatmega32.o
LOAD APP/main.o
LOAD ECUAL/BUTTON_DRIVER/BUTTON.o
LOAD ECUAL/KEYPAD_DRIVER/KEYPAD.o
LOAD ECUAL/LCD_DRIVER/LCD.o
LOAD ECUAL/LED_DRIVER/LED.o
LOAD ECUAL/SEVEN-SEGMENT_DRIVER/SEGMENT.o
LOAD MCAL/ADC_DRIVER/ADC.o
LOAD MCAL/GPIO_DRIVER/GPIO.o
START GROUP
LOAD c:/program files (x86)/atmel/studio/7.0/toolchain/avr8/avr8-gnu-toolchain/bin/../lib/gcc/avr/5.4.0/../../../../avr/lib/avr5\libm.a
END GROUP
START GROUP
LOAD c:/program files (x86)/atmel/studio/7.0/toolchain/avr8/avr8-gnu-toolchain/bin/../lib/gcc/avr/5.4.0/avr5\libgcc.a
LOAD c:/program files (x86)/atmel/studio/7.0/toolchain/avr8/avr8-gnu-toolchain/bin/../lib/gcc/avr/5.4.0/../../../../avr/lib/avr5\libm.a
LOAD c:/program files (x86)/atmel/studio/7.0/toolchain/avr8/avr8-gnu-toolchain/bin/../lib/gcc/avr/5.4.0/../../../../avr/lib/avr5\libc.a
LOAD C:/Program Files (x86)/Atmel/Studio/7.0/Packs/atmel/ATmega_DFP/1.7.374/gcc/dev/atmega32/avr5\libatmega32.a
END GROUP
                0x00000000                __TEXT_REGION_ORIGIN__ = DEFINED (__TEXT_REGION_ORIGIN__)?__TEXT_REGION_ORIGIN__:0x0
                [0x00800060]                __DATA_REGION_ORIGIN__ = DEFINED (__DATA_REGION_ORIGIN__)?__DATA_REGION_ORIGIN__:0x800060
                [0x00008000]                __TEXT_REGION_LENGTH__ = DEFINED (__TEXT_REGION_LENGTH__)?__TEXT_REGION_LENGTH__:0x20000
                [0x00000800]                __DATA_REGION_LENGTH__ = DEFINED (__DATA_REGION_LENGTH__)?__DATA_REGION_LENGTH__:0xffa0
                [0x00000400]                __EEPROM_REGION_LENGTH__ = DEFINED (__EEPROM_REGION_LENGTH__)?__EEPROM_REGION_LENGTH__:0x10000
                [0x00000002]                __FUSE_REGION_LENGTH__ = DEFINED (__FUSE_REGION_LENGTH__)?__FUSE_REGION_LENGTH__:0x400
                0x00000400                __LOCK_REGION_LENGTH__ = DEFINED (__LOCK_REGION_LENGTH__)?__LOCK_REGION_LENGTH__:0x400
                0x00000400                __SIGNATURE_REGION_LENGTH__ = DEFINED (__SIGNATURE_REGION_LENGTH__)?__SIGNATURE_REGION_LENGTH__:0x400
                0x00000400                __USER_SIGNATURE_REGION_LENGTH__ = DEFINED (__USER_SIGNATURE_REGION_LENGTH__)?__USER_SIGNATURE_REGION_LENGTH__:0x400

.hash
 *(.hash)

.dynsym
 *(.dynsym)

.dynstr
 *(.dynstr)

.gnu.version
 *(.gnu.version)

.gnu.version_d
 *(.gnu.version_d)

.gnu.version_r
 *(.gnu.version_r)

.rel.init
 *(.rel.init)

.rela.init
 *(.rela.init)

.rel.text
 *(.rel.text)
 *(.rel.text.*)
 *(.rel.gnu.linkonce.t*)

.rela.text
 *(.rela.text)
 *(.rela.text.*)
 *(.rela.gnu.linkonce.t*)

.rel.fini
 *(.rel.fini)

.rela.fini
 *(.rela.fini)

.rel.rodata
 *(.rel.rodata)
 *(.rel.rodata.*)
 *(.rel.gnu.linkonce.r*)

.rela.rodata
 *(.rela.rodata)
 *(.rela.rodata.*)
 *(.rela.gnu.linkonce.r*)

.rel.data
 *(.rel.data)
 *(.rel.data.*)
 *(.rel.gnu.linkonce.d*)

.rela.data
 *(.rela.data)
 *(.rela.data.*)
 *(.rela.gnu.linkonce.d*)

.rel.ctors
 *(.rel.ctors)

.rela.ctors
 *(.rela.ctors)

.rel.dtors
 *(.rel.dtors)

.rela.dtors
 *(.rela.dtors)

.rel.got
 *(.rel.got)

.rela.got
 *(.rela.got)

.rel.bss
 *(.rel.bss)

.rela.bss
 *(.rela.bss)

.rel.plt
 *(.rel.plt)

.rela.plt
 *(.rela.plt)

.text           0x00000000      0x6ca
 *(.vectors)
 .vectors       0x00000000       0x54 C:/Program Files (x86)/Atmel/Studio/7.0/Packs/atmel/ATmega_DFP/1.7.374/gcc/dev/atmega32/avr5/crtatmega32.o
                0x00000000                __vector_default
                0x00000000                __vectors
 *(.vectors)
 *(.progmem.gcc*)
                0x00000054                . = ALIGN (0x2)
                0x00000054                __trampolines_start = .
 *(.trampolines)
 .trampolines   0x00000054        0x0 linker stubs
 *(.trampolines*)
                0x00000054                __trampolines_end = .
 *libprintf_flt.a:*(.progmem.data)
 *libc.a:*(.progmem.data)
 *(.progmem*)
                0x00000054                . = ALIGN (0x2)
 *(.jumptables)
 *(.jumptables*)
 *(.lowtext)
 *(.lowtext*)
                0x00000054                __ctors_start = .
 *(.ctors)
                0x00000054                __ctors_end = .
                0x00000054                __dtors_start = .
 *(.dtors)
                0x00000054                __dtors_end = .
 SORT(*)(.ctors)
 SORT(*)(.dtors)
 *(.init0)
 .init0         0x00000054        0x0 C:/Program Files (x86)/Atmel/Studio/7.0/Packs/atmel/ATmega_DFP/1.7.374/gcc/dev/atmega32/avr5/crtatmega32.o
                0x00000054                __init
 *(.init0)
 *(.init1)
 *(.init1)
 *(.init2)
 .init2         0x00000054        0xc C:/Program Files (x86)/Atmel/Studio/7.0/Packs/atmel/ATmega_DFP/1.7.374/gcc/dev/atmega32/avr5/crtatmega32.o
 *(.init2)
 *(.init3)
 *(.init3)
 *(.init4)
 .init4         0x00000060       0x16 c:/program files (x86)/atmel/studio/7.0/toolchain/avr8/avr8-gnu-toolchain/bin/../lib/gcc/avr/5.4.0/avr5\libgcc.a(_copy_data.o)
                0x00000060                __do_copy_data
 *(.init4)
 *(.init5)
 *(.init5)
 *(.init6)
 *(.init6)
 *(.init7)
 *(.init7)
 *(.init8)
 *(.init8)
 *(.init9)
 .init9         0x00000076        0x8 C:/Program Files (x86)/Atmel/Studio/7.0/Packs/atmel/ATmega_DFP/1.7.374/gcc/dev/atmega32/avr5/crtatmega32.o
 *(.init9)
 *(.text)
 .text          0x0000007e        0x4 C:/Program Files (x86)/Atmel/Studio/7.0/Packs/atmel/ATmega_DFP/1.7.374/gcc/dev/atmega32/avr5/crtatmega32.o
                0x0000007e                __vector_1
                0x0000007e                __vector_12
                0x0000007e                __bad_interrupt
                0x0000007e                __vector_6
                0x0000007e                __vector_3
                0x0000007e                __vector_11
                0x0000007e                __vector_13
                0x0000007e                __vector_17
                0x0000007e                __vector_19
                0x0000007e                __vector_7
                0x0000007e                __vector_5
                0x0000007e                __vector_4
                0x0000007e                __vector_9
                0x0000007e                __vector_2
                0x0000007e                __vector_15
                0x0000007e                __vector_8
                0x0000007e                __vector_14
                0x0000007e                __vector_10
                0x0000007e                __vector_16
                0x0000007e                __vector_18
                0x0000007e                __vector_20
                0x00000082                . = ALIGN (0x2)
 *(.text.*)
 .text.main     0x00000082       0x3e APP/main.o
                0x00000082                main
 .text.LCD_sendCommand
                0x000000c0       0xfe ECUAL/LCD_DRIVER/LCD.o
                0x000000c0                LCD_sendCommand
 .text.LCD_Init
                0x000001be       0x68 ECUAL/LCD_DRIVER/LCD.o
                0x000001be                LCD_Init
 .text.LCD_displayCharacter
                0x00000226       0xfe ECUAL/LCD_DRIVER/LCD.o
                0x00000226                LCD_displayCharacter
 .text.LCD_displayString
                0x00000324       0x26 ECUAL/LCD_DRIVER/LCD.o
                0x00000324                LCD_displayString
 .text.LCD_moveCursor
                0x0000034a       0x2e ECUAL/LCD_DRIVER/LCD.o
                0x0000034a                LCD_moveCursor
 .text.LCD_intgerToString
                0x00000378       0x3c ECUAL/LCD_DRIVER/LCD.o
                0x00000378                LCD_intgerToString
 .text.ADC_Init
                0x000003b4       0x56 MCAL/ADC_DRIVER/ADC.o
                0x000003b4                ADC_Init
 .text.ADC_readChannel
                0x0000040a       0x24 MCAL/ADC_DRIVER/ADC.o
                0x0000040a                ADC_readChannel
 .text.GPIO_setupPinDirection
                0x0000042e      0x10c MCAL/GPIO_DRIVER/GPIO.o
                0x0000042e                GPIO_setupPinDirection
 .text.GPIO_writePin
                0x0000053a      0x10c MCAL/GPIO_DRIVER/GPIO.o
                0x0000053a                GPIO_writePin
 .text.avr-libc
                0x00000646       0x16 c:/program files (x86)/atmel/studio/7.0/toolchain/avr8/avr8-gnu-toolchain/bin/../lib/gcc/avr/5.4.0/../../../../avr/lib/avr5\libc.a(itoa.o)
                0x00000646                __itoa
                0x00000646                itoa
 .text.avr-libc
                0x0000065c       0x16 c:/program files (x86)/atmel/studio/7.0/toolchain/avr8/avr8-gnu-toolchain/bin/../lib/gcc/avr/5.4.0/../../../../avr/lib/avr5\libc.a(itoa_ncheck.o)
                0x0000065c                __itoa_ncheck
 .text.avr-libc
                0x00000672       0x34 c:/program files (x86)/atmel/studio/7.0/toolchain/avr8/avr8-gnu-toolchain/bin/../lib/gcc/avr/5.4.0/../../../../avr/lib/avr5\libc.a(utoa_ncheck.o)
                0x00000672                __utoa_ncheck
                0x00000674                __utoa_common
 .text.avr-libc
                0x000006a6       0x20 c:/program files (x86)/atmel/studio/7.0/toolchain/avr8/avr8-gnu-toolchain/bin/../lib/gcc/avr/5.4.0/../../../../avr/lib/avr5\libc.a(strrev.o)
                0x000006a6                strrev
                0x000006c6                . = ALIGN (0x2)
 *(.fini9)
 .fini9         0x000006c6        0x0 c:/program files (x86)/atmel/studio/7.0/toolchain/avr8/avr8-gnu-toolchain/bin/../lib/gcc/avr/5.4.0/avr5\libgcc.a(_exit.o)
                0x000006c6                _exit
                0x000006c6                exit
 *(.fini9)
 *(.fini8)
 *(.fini8)
 *(.fini7)
 *(.fini7)
 *(.fini6)
 *(.fini6)
 *(.fini5)
 *(.fini5)
 *(.fini4)
 *(.fini4)
 *(.fini3)
 *(.fini3)
 *(.fini2)
 *(.fini2)
 *(.fini1)
 *(.fini1)
 *(.fini0)
 .fini0         0x000006c6        0x4 c:/program files (x86)/atmel/studio/7.0/toolchain/avr8/avr8-gnu-toolchain/bin/../lib/gcc/avr/5.4.0/avr5\libgcc.a(_exit.o)
 *(.fini0)
                0x000006ca                _etext = .

.data           0x00800060        0xe load address 0x000006ca
                0x00800060                PROVIDE (__data_start, .)
 *(.data)
 *(.data*)
 *(.gnu.linkonce.d*)
 *(.rodata)
 *(.rodata*)
 .rodata.str1.1
                0x00800060        0xd APP/main.o
 *(.gnu.linkonce.r*)
                0x0080006e                . = ALIGN (0x2)
 *fill*         0x0080006d        0x1 
                0x0080006e                _edata = .
                0x0080006e                PROVIDE (__data_end, .)

.bss            0x0080006e        0x0
                [!provide]                PROVIDE (__bss_start, .)
 *(.bss)
 *(.bss*)
 *(COMMON)
                [!provide]                PROVIDE (__bss_end, .)
                0x000006ca                __data_load_start = LOADADDR (.data)
                0x000006d8                __data_load_end = (__data_load_start + SIZEOF (.data))

.noinit         0x0080006e        0x0
                [!provide]                PROVIDE (__noinit_start, .)
 *(.noinit*)
                [!provide]                PROVIDE (__noinit_end, .)
                0x0080006e                _end = .
                [!provide]                PROVIDE (__heap_start, .)

.eeprom         0x00810000        0x0
 *(.eeprom*)
                0x00810000                __eeprom_end = .

.fuse
 *(.fuse)
 *(.lfuse)
 *(.hfuse)
 *(.efuse)

.lock
 *(.lock*)

.signature
 *(.signature*)

.user_signatures
 *(.user_signatures*)

.stab
 *(.stab)

.stabstr
 *(.stabstr)

.stab.excl
 *(.stab.excl)

.stab.exclstr
 *(.stab.exclstr)

.stab.index
 *(.stab.index)

.stab.indexstr
 *(.stab.indexstr)

.comment        0x00000000       0x30
 *(.comment)
 .comment       0x00000000       0x30 APP/main.o
                                 0x31 (size before relaxing)
 .comment       0x00000030       0x31 ECUAL/LCD_DRIVER/LCD.o
 .comment       0x00000030       0x31 MCAL/ADC_DRIVER/ADC.o
 .comment       0x00000030       0x31 MCAL/GPIO_DRIVER/GPIO.o

.note.gnu.avr.deviceinfo
                0x00000000       0x3c
 .note.gnu.avr.deviceinfo
                0x00000000       0x3c C:/Program Files (x86)/Atmel/Studio/7.0/Packs/atmel/ATmega_DFP/1.7.374/gcc/dev/atmega32/avr5/crtatmega32.o

.note.gnu.build-id
 *(.note.gnu.build-id)

.debug
 *(.debug)

.line
 *(.line)

.debug_srcinfo
 *(.debug_srcinfo)

.debug_sfnames
 *(.debug_sfnames)

.debug_aranges  0x00000000       0xf0
 *(.debug_aranges)
 .debug_aranges
                0x00000000       0x20 APP/main.o
 .debug_aranges
                0x00000020       0x58 ECUAL/LCD_DRIVER/LCD.o
 .debug_aranges
                0x00000078       0x28 MCAL/ADC_DRIVER/ADC.o
 .debug_aranges
                0x000000a0       0x50 MCAL/GPIO_DRIVER/GPIO.o

.debug_pubnames
 *(.debug_pubnames)

.debug_info     0x00000000     0x15d2
 *(.debug_info .gnu.linkonce.wi.*)
 .debug_info    0x00000000      0x4e6 C:/Program Files (x86)/Atmel/Studio/7.0/Packs/atmel/ATmega_DFP/1.7.374/gcc/dev/atmega32/avr5/crtatmega32.o
 .debug_info    0x000004e6      0x1ae APP/main.o
 .debug_info    0x00000694      0xb18 ECUAL/LCD_DRIVER/LCD.o
 .debug_info    0x000011ac       0xea MCAL/ADC_DRIVER/ADC.o
 .debug_info    0x00001296      0x33c MCAL/GPIO_DRIVER/GPIO.o

.debug_abbrev   0x00000000      0x8a4
 *(.debug_abbrev)
 .debug_abbrev  0x00000000      0x4a3 C:/Program Files (x86)/Atmel/Studio/7.0/Packs/atmel/ATmega_DFP/1.7.374/gcc/dev/atmega32/avr5/crtatmega32.o
 .debug_abbrev  0x000004a3       0xa8 APP/main.o
 .debug_abbrev  0x0000054b      0x1b3 ECUAL/LCD_DRIVER/LCD.o
 .debug_abbrev  0x000006fe       0x7a MCAL/ADC_DRIVER/ADC.o
 .debug_abbrev  0x00000778      0x12c MCAL/GPIO_DRIVER/GPIO.o

.debug_line     0x00000000      0xc4e
 *(.debug_line .debug_line.* .debug_line_end)
 .debug_line    0x00000000      0x116 C:/Program Files (x86)/Atmel/Studio/7.0/Packs/atmel/ATmega_DFP/1.7.374/gcc/dev/atmega32/avr5/crtatmega32.o
 .debug_line    0x00000116      0x103 APP/main.o
 .debug_line    0x00000219      0x413 ECUAL/LCD_DRIVER/LCD.o
 .debug_line    0x0000062c      0x17b MCAL/ADC_DRIVER/ADC.o
 .debug_line    0x000007a7      0x4a7 MCAL/GPIO_DRIVER/GPIO.o

.debug_frame    0x00000000      0x1ac
 *(.debug_frame)
 .debug_frame   0x00000000       0x24 APP/main.o
 .debug_frame   0x00000024       0xd0 ECUAL/LCD_DRIVER/LCD.o
 .debug_frame   0x000000f4       0x34 MCAL/ADC_DRIVER/ADC.o
 .debug_frame   0x00000128       0x84 MCAL/GPIO_DRIVER/GPIO.o

.debug_str      0x00000000      0x64d
 *(.debug_str)
 .debug_str     0x00000000      0x196 C:/Program Files (x86)/Atmel/Studio/7.0/Packs/atmel/ATmega_DFP/1.7.374/gcc/dev/atmega32/avr5/crtatmega32.o
 .debug_str     0x00000196      0x233 APP/main.o
                                0x267 (size before relaxing)
 .debug_str     0x000003c9      0x125 ECUAL/LCD_DRIVER/LCD.o
                                0x351 (size before relaxing)
 .debug_str     0x000004ee       0x36 MCAL/ADC_DRIVER/ADC.o
                                0x231 (size before relaxing)
 .debug_str     0x00000524      0x129 MCAL/GPIO_DRIVER/GPIO.o
                                0x363 (size before relaxing)

.debug_loc      0x00000000      0xe06
 *(.debug_loc)
 .debug_loc     0x00000000       0x28 APP/main.o
 .debug_loc     0x00000028      0x6d1 ECUAL/LCD_DRIVER/LCD.o
 .debug_loc     0x000006f9       0x2e MCAL/ADC_DRIVER/ADC.o
 .debug_loc     0x00000727      0x6df MCAL/GPIO_DRIVER/GPIO.o

.debug_macinfo
 *(.debug_macinfo)

.debug_weaknames
 *(.debug_weaknames)

.debug_funcnames
 *(.debug_funcnames)

.debug_typenames
 *(.debug_typenames)

.debug_varnames
 *(.debug_varnames)

.debug_pubtypes
 *(.debug_pubtypes)

.debug_ranges   0x00000000       0xb0
 *(.debug_ranges)
 .debug_ranges  0x00000000       0x10 APP/main.o
 .debug_ranges  0x00000010       0x48 ECUAL/LCD_DRIVER/LCD.o
 .debug_ranges  0x00000058       0x18 MCAL/ADC_DRIVER/ADC.o
 .debug_ranges  0x00000070       0x40 MCAL/GPIO_DRIVER/GPIO.o

.debug_macro
 *(.debug_macro)
OUTPUT(AVRTester.elf elf32-avr)
LOAD linker stubs
